[    0.000000] Linux version 5.1.0-rc6-next-20190426 (root@jye) (gcc version 8.2.0 (GCC)) #2 SMP Sat Apr 27 17:10:54 CEST 2019
[    0.000000] Command line: BOOT_IMAGE=/vmlinuz-5.1.0-rc6-jye root=/dev/sda3 ro
[    0.000000] x86/fpu: Supporting XSAVE feature 0x001: 'x87 floating point registers'
[    0.000000] x86/fpu: Supporting XSAVE feature 0x002: 'SSE registers'
[    0.000000] x86/fpu: Supporting XSAVE feature 0x004: 'AVX registers'
[    0.000000] x86/fpu: xstate_offset[2]:  576, xstate_sizes[2]:  256
[    0.000000] x86/fpu: Enabled xstate features 0x7, context size is 832 bytes, using 'standard' format.
[    0.000000] BIOS-provided physical RAM map:
[    0.000000] BIOS-e820: [mem 0x0000000000000000-0x000000000009fbff] usable
[    0.000000] BIOS-e820: [mem 0x000000000009fc00-0x000000000009ffff] reserved
[    0.000000] BIOS-e820: [mem 0x00000000000f0000-0x00000000000fffff] reserved
[    0.000000] BIOS-e820: [mem 0x0000000000100000-0x00000000dffeffff] usable
[    0.000000] BIOS-e820: [mem 0x00000000dfff0000-0x00000000dfffffff] ACPI data
[    0.000000] BIOS-e820: [mem 0x00000000fec00000-0x00000000fec00fff] reserved
[    0.000000] BIOS-e820: [mem 0x00000000fee00000-0x00000000fee00fff] reserved
[    0.000000] BIOS-e820: [mem 0x00000000fffc0000-0x00000000ffffffff] reserved
[    0.000000] BIOS-e820: [mem 0x0000000100000000-0x000000011fffffff] usable
[    0.000000] NX (Execute Disable) protection: active
[    0.000000] SMBIOS 2.5 present.
[    0.000000] DMI: innotek GmbH VirtualBox/VirtualBox, BIOS VirtualBox 12/01/2006
[    0.000000] tsc: Fast TSC calibration using PIT
[    0.000000] tsc: Detected 2893.530 MHz processor
[    0.001593] e820: update [mem 0x00000000-0x00000fff] usable ==> reserved
[    0.001596] e820: remove [mem 0x000a0000-0x000fffff] usable
[    0.001601] last_pfn = 0x120000 max_arch_pfn = 0x400000000
[    0.001611] MTRR default type: uncachable
[    0.001613] MTRR variable ranges disabled:
[    0.001614] Disabled
[    0.001617] x86/PAT: MTRRs disabled, skipping PAT initialization too.
[    0.001620] CPU MTRRs all blank - virtualized system.
[    0.001623] x86/PAT: Configuration [0-7]: WB  WT  UC- UC  WB  WT  UC- UC  
[    0.001627] last_pfn = 0xdfff0 max_arch_pfn = 0x400000000
[    0.001695] found SMP MP-table at [mem 0x0009fff0-0x0009ffff]
[    0.001710] check: Scanning 1 areas for low memory corruption
[    0.001737] BRK [0x6e601000, 0x6e601fff] PGTABLE
[    0.001740] BRK [0x6e602000, 0x6e602fff] PGTABLE
[    0.001742] BRK [0x6e603000, 0x6e603fff] PGTABLE
[    0.001756] BRK [0x6e604000, 0x6e604fff] PGTABLE
[    0.001759] BRK [0x6e605000, 0x6e605fff] PGTABLE
[    0.002121] ACPI: Early table checksum verification disabled
[    0.002144] ACPI: RSDP 0x00000000000E0000 000024 (v02 VBOX  )
[    0.002149] ACPI: XSDT 0x00000000DFFF0030 00003C (v01 VBOX   VBOXXSDT 00000001 ASL  00000061)
[    0.002157] ACPI: FACP 0x00000000DFFF00F0 0000F4 (v04 VBOX   VBOXFACP 00000001 ASL  00000061)
[    0.002164] ACPI: DSDT 0x00000000DFFF0480 0021FF (v02 VBOX   VBOXBIOS 00000002 INTL 20100528)
[    0.002169] ACPI: FACS 0x00000000DFFF0200 000040
[    0.002174] ACPI: FACS 0x00000000DFFF0200 000040
[    0.002178] ACPI: APIC 0x00000000DFFF0240 00006C (v02 VBOX   VBOXAPIC 00000001 ASL  00000061)
[    0.002183] ACPI: SSDT 0x00000000DFFF02B0 0001CC (v01 VBOX   VBOXCPUT 00000002 INTL 20100528)
[    0.002194] ACPI: Local APIC address 0xfee00000
[    0.002374] No NUMA configuration found
[    0.002376] Faking a node at [mem 0x0000000000000000-0x000000011fffffff]
[    0.002380] NODE_DATA(0) allocated [mem 0x11fff8000-0x11fffbfff]
[    0.002614] Zone ranges:
[    0.002617]   DMA      [mem 0x0000000000001000-0x0000000000ffffff]
[    0.002619]   DMA32    [mem 0x0000000001000000-0x00000000ffffffff]
[    0.002621]   Normal   [mem 0x0000000100000000-0x000000011fffffff]
[    0.002623] Movable zone start for each node
[    0.002625] Early memory node ranges
[    0.002627]   node   0: [mem 0x0000000000001000-0x000000000009efff]
[    0.002628]   node   0: [mem 0x0000000000100000-0x00000000dffeffff]
[    0.002630]   node   0: [mem 0x0000000100000000-0x000000011fffffff]
[    0.003101] Zeroed struct page in unavailable ranges: 114 pages
[    0.003104] Initmem setup node 0 [mem 0x0000000000001000-0x000000011fffffff]
[    0.003106] On node 0 totalpages: 1048462
[    0.003109]   DMA zone: 64 pages used for memmap
[    0.003110]   DMA zone: 21 pages reserved
[    0.003112]   DMA zone: 3998 pages, LIFO batch:0
[    0.003152]   DMA32 zone: 14272 pages used for memmap
[    0.003154]   DMA32 zone: 913392 pages, LIFO batch:63
[    0.018043]   Normal zone: 2048 pages used for memmap
[    0.018046]   Normal zone: 131072 pages, LIFO batch:31
[    0.020519] ACPI: PM-Timer IO Port: 0x4008
[    0.020525] ACPI: Local APIC address 0xfee00000
[    0.020594] IOAPIC[0]: apic_id 4, version 32, address 0xfec00000, GSI 0-23
[    0.020599] ACPI: INT_SRC_OVR (bus 0 bus_irq 0 global_irq 2 dfl dfl)
[    0.020603] ACPI: INT_SRC_OVR (bus 0 bus_irq 9 global_irq 9 low level)
[    0.020606] ACPI: IRQ0 used by override.
[    0.020608] ACPI: IRQ9 used by override.
[    0.020611] Using ACPI (MADT) for SMP configuration information
[    0.020619] smpboot: Allowing 4 CPUs, 0 hotplug CPUs
[    0.020631] PM: Registered nosave memory: [mem 0x00000000-0x00000fff]
[    0.020634] PM: Registered nosave memory: [mem 0x0009f000-0x0009ffff]
[    0.020636] PM: Registered nosave memory: [mem 0x000a0000-0x000effff]
[    0.020637] PM: Registered nosave memory: [mem 0x000f0000-0x000fffff]
[    0.020640] PM: Registered nosave memory: [mem 0xdfff0000-0xdfffffff]
[    0.020641] PM: Registered nosave memory: [mem 0xe0000000-0xfebfffff]
[    0.020643] PM: Registered nosave memory: [mem 0xfec00000-0xfec00fff]
[    0.020645] PM: Registered nosave memory: [mem 0xfec01000-0xfedfffff]
[    0.020646] PM: Registered nosave memory: [mem 0xfee00000-0xfee00fff]
[    0.020648] PM: Registered nosave memory: [mem 0xfee01000-0xfffbffff]
[    0.020650] PM: Registered nosave memory: [mem 0xfffc0000-0xffffffff]
[    0.020653] [mem 0xe0000000-0xfebfffff] available for PCI devices
[    0.020657] clocksource: refined-jiffies: mask: 0xffffffff max_cycles: 0xffffffff, max_idle_ns: 1910969940391419 ns
[    0.103961] setup_percpu: NR_CPUS:64 nr_cpumask_bits:64 nr_cpu_ids:4 nr_node_ids:1
[    0.104284] percpu: Embedded 44 pages/cpu s142232 r8192 d29800 u524288
[    0.104291] pcpu-alloc: s142232 r8192 d29800 u524288 alloc=1*2097152
[    0.104292] pcpu-alloc: [0] 0 1 2 3 
[    0.104306] node[0] zonelist: 0:Normal 0:DMA32 0:DMA 
[    0.104310] Built 1 zonelists, mobility grouping on.  Total pages: 1032057
[    0.104311] Policy zone: Normal
[    0.104314] Kernel command line: BOOT_IMAGE=/vmlinuz-5.1.0-rc6-jye root=/dev/sda3 ro
[    0.113720] Calgary: detecting Calgary via BIOS EBDA area
[    0.113724] Calgary: Unable to locate Rio Grande table in EBDA - bailing!
[    0.122731] Memory: 4034792K/4193848K available (12292K kernel code, 1248K rwdata, 2960K rodata, 1268K init, 1564K bss, 159056K reserved, 0K cma-reserved)
[    0.123040] SLUB: HWalign=64, Order=0-3, MinObjects=0, CPUs=4, Nodes=1
[    0.123050] Kernel/User page tables isolation: enabled
[    0.123337] rcu: Hierarchical RCU implementation.
[    0.123339] rcu: 	RCU event tracing is enabled.
[    0.123341] rcu: 	RCU restricting CPUs from NR_CPUS=64 to nr_cpu_ids=4.
[    0.123343] rcu: RCU calculated value of scheduler-enlistment delay is 100 jiffies.
[    0.123345] rcu: Adjusting geometry for rcu_fanout_leaf=16, nr_cpu_ids=4
[    0.123509] NR_IRQS: 4352, nr_irqs: 456, preallocated irqs: 16
[    0.123719] random: get_random_bytes called from start_kernel+0x2bf/0x48e with crng_init=0
[    0.131260] Console: colour VGA+ 80x25
[    0.166636] printk: console [tty0] enabled
[    0.166978] ACPI: Core revision 20190405
[    0.167538] APIC: Switch to symmetric I/O mode setup
[    0.168529] ..TIMER: vector=0x30 apic1=0 pin1=2 apic2=-1 pin2=-1
[    0.173364] clocksource: tsc-early: mask: 0xffffffffffffffff max_cycles: 0x29b562e4cf1, max_idle_ns: 440795222134 ns
[    0.174250] Calibrating delay loop (skipped), value calculated using timer frequency.. 5787.06 BogoMIPS (lpj=2893530)
[    0.175240] pid_max: default: 32768 minimum: 301
[    0.175604] LSM: Security Framework initializing
[    0.176250] SELinux:  Initializing.
[    0.176600] *** VALIDATE SELinux ***
[    0.178822] Dentry cache hash table entries: 524288 (order: 10, 4194304 bytes)
[    0.179614] Inode-cache hash table entries: 262144 (order: 9, 2097152 bytes)
[    0.180014] Mount-cache hash table entries: 8192 (order: 4, 65536 bytes)
[    0.180248] Mountpoint-cache hash table entries: 8192 (order: 4, 65536 bytes)
[    0.180770] *** VALIDATE proc ***
[    0.181263] *** VALIDATE cgroup1 ***
[    0.181581] *** VALIDATE cgroup2 ***
[    0.181971] Last level iTLB entries: 4KB 512, 2MB 8, 4MB 8
[    0.182238] Last level dTLB entries: 4KB 512, 2MB 32, 4MB 32, 1GB 0
[    0.182624] Spectre V2 : Mitigation: Full generic retpoline
[    0.182991] Spectre V2 : Spectre v2 / SpectreRSB mitigation: Filling RSB on context switch
[    0.183237] Speculative Store Bypass: Vulnerable
[    0.183703] Freeing SMP alternatives memory: 36K
[    0.185231] smpboot: CPU0: Intel(R) Core(TM) i5-3470S CPU @ 2.90GHz (family: 0x6, model: 0x3a, stepping: 0x9)
[    0.185231] Performance Events: unsupported p6 CPU model 58 no PMU driver, software events only.
[    0.185283] rcu: Hierarchical SRCU implementation.
[    0.185713] smp: Bringing up secondary CPUs ...
[    0.186371] x86: Booting SMP configuration:
[    0.186650] .... node  #0, CPUs:      #1 #2 #3
[    0.191301] smp: Brought up 1 node, 4 CPUs
[    0.192629] smpboot: Max logical packages: 1
[    0.192984] smpboot: Total of 4 processors activated (23148.24 BogoMIPS)
[    0.193499] devtmpfs: initialized
[    0.194416] clocksource: jiffies: mask: 0xffffffff max_cycles: 0xffffffff, max_idle_ns: 1911260446275000 ns
[    0.195244] futex hash table entries: 1024 (order: 4, 65536 bytes)
[    0.195773] PM: RTC time: 15:12:10, date: 2019-04-27
[    0.196452] NET: Registered protocol family 16
[    0.196819] audit: initializing netlink subsys (disabled)
[    0.197270] audit: type=2000 audit(1556377929.030:1): state=initialized audit_enabled=0 res=1
[    0.197745] cpuidle: using governor menu
[    0.197745] ACPI: bus type PCI registered
[    0.198623] PCI: Using configuration type 1 for base access
[    0.200692] HugeTLB registered 2.00 MiB page size, pre-allocated 0 pages
[    0.201334] cryptomgr_test (36) used greatest stack depth: 15256 bytes left
[    0.201621] kworker/u8:0 (38) used greatest stack depth: 14216 bytes left
[    0.211478] ACPI: Added _OSI(Module Device)
[    0.212241] ACPI: Added _OSI(Processor Device)
[    0.212587] ACPI: Added _OSI(3.0 _SCP Extensions)
[    0.212587] ACPI: Added _OSI(Processor Aggregator Device)
[    0.212680] ACPI: Added _OSI(Linux-Dell-Video)
[    0.212943] ACPI: Added _OSI(Linux-Lenovo-NV-HDMI-Audio)
[    0.213238] ACPI: Added _OSI(Linux-HPI-Hybrid-Graphics)
[    0.214729] ACPI: 2 ACPI AML tables successfully acquired and loaded
[    0.216397] ACPI: Interpreter enabled
[    0.216702] ACPI: (supports S0 S5)
[    0.217003] ACPI: Using IOAPIC for interrupt routing
[    0.218367] PCI: Using host bridge windows from ACPI; if necessary, use "pci=nocrs" and report a bug
[    0.218625] ACPI: Enabled 2 GPEs in block 00 to 07
[    0.221962] ACPI: PCI Root Bridge [PCI0] (domain 0000 [bus 00-ff])
[    0.222265] acpi PNP0A03:00: _OSC: OS supports [ASPM ClockPM Segments MSI HPX-Type3]
[    0.222810] acpi PNP0A03:00: _OSC: not requesting OS control; OS requires [ExtendedConfig ASPM ClockPM MSI]
[    0.224251] acpi PNP0A03:00: fail to add MMCONFIG information, can't access extended PCI configuration space under this bridge.
[    0.225333] PCI host bridge to bus 0000:00
[    0.225654] pci_bus 0000:00: root bus resource [io  0x0000-0x0cf7 window]
[    0.226012] pci_bus 0000:00: root bus resource [io  0x0d00-0xffff window]
[    0.226238] pci_bus 0000:00: root bus resource [mem 0x000a0000-0x000bffff window]
[    0.226638] pci_bus 0000:00: root bus resource [mem 0xe0000000-0xfdffffff window]
[    0.227238] pci_bus 0000:00: root bus resource [bus 00-ff]
[    0.227622] pci 0000:00:00.0: [8086:1237] type 00 class 0x060000
[    0.227622] pci 0000:00:01.0: [8086:7000] type 00 class 0x060100
[    0.228294] pci 0000:00:01.1: [8086:7111] type 00 class 0x01018a
[    0.228738] pci 0000:00:01.1: reg 0x20: [io  0xd000-0xd00f]
[    0.228907] pci 0000:00:01.1: legacy IDE quirk: reg 0x10: [io  0x01f0-0x01f7]
[    0.229239] pci 0000:00:01.1: legacy IDE quirk: reg 0x14: [io  0x03f6]
[    0.229616] pci 0000:00:01.1: legacy IDE quirk: reg 0x18: [io  0x0170-0x0177]
[    0.230096] pci 0000:00:01.1: legacy IDE quirk: reg 0x1c: [io  0x0376]
[    0.231615] pci 0000:00:02.0: [80ee:beef] type 00 class 0x030000
[    0.234524] pci 0000:00:02.0: reg 0x10: [mem 0xe0000000-0xe0ffffff pref]
[    0.249666] pci 0000:00:03.0: [8086:100e] type 00 class 0x020000
[    0.251705] pci 0000:00:03.0: reg 0x10: [mem 0xf0000000-0xf001ffff]
[    0.257348] pci 0000:00:03.0: reg 0x18: [io  0xd010-0xd017]
[    0.265711] pci 0000:00:04.0: [80ee:cafe] type 00 class 0x088000
[    0.267231] pci 0000:00:04.0: reg 0x10: [io  0xd020-0xd03f]
[    0.269406] pci 0000:00:04.0: reg 0x14: [mem 0xf0400000-0xf07fffff]
[    0.272343] pci 0000:00:04.0: reg 0x18: [mem 0xf0800000-0xf0803fff pref]
[    0.280679] pci 0000:00:05.0: [8086:2415] type 00 class 0x040100
[    0.280828] pci 0000:00:05.0: reg 0x10: [io  0xd100-0xd1ff]
[    0.280918] pci 0000:00:05.0: reg 0x14: [io  0xd200-0xd23f]
[    0.280918] pci 0000:00:06.0: [106b:003f] type 00 class 0x0c0310
[    0.283360] pci 0000:00:06.0: reg 0x10: [mem 0xf0804000-0xf0804fff]
[    0.295791] pci 0000:00:07.0: [8086:7113] type 00 class 0x068000
[    0.296195] pci 0000:00:07.0: quirk: [io  0x4000-0x403f] claimed by PIIX4 ACPI
[    0.298251] pci 0000:00:07.0: quirk: [io  0x4100-0x410f] claimed by PIIX4 SMB
[    0.298937] pci 0000:00:0d.0: [8086:2829] type 00 class 0x010601
[    0.299388] pci 0000:00:0d.0: reg 0x10: [io  0xd240-0xd247]
[    0.302263] pci 0000:00:0d.0: reg 0x14: [io  0xd248-0xd24b]
[    0.303395] pci 0000:00:0d.0: reg 0x18: [io  0xd250-0xd257]
[    0.305389] pci 0000:00:0d.0: reg 0x1c: [io  0xd258-0xd25b]
[    0.308362] pci 0000:00:0d.0: reg 0x20: [io  0xd260-0xd26f]
[    0.311407] pci 0000:00:0d.0: reg 0x24: [mem 0xf0806000-0xf0807fff]
[    0.314879] ACPI: PCI Interrupt Link [LNKA] (IRQs 5 9 10 *11)
[    0.316429] ACPI: PCI Interrupt Link [LNKB] (IRQs 5 9 *10 11)
[    0.316903] ACPI: PCI Interrupt Link [LNKC] (IRQs 5 *9 10 11)
[    0.317326] ACPI: PCI Interrupt Link [LNKD] (IRQs 5 9 10 *11)
[    0.318010] pci 0000:00:02.0: vgaarb: setting as boot VGA device
[    0.318231] pci 0000:00:02.0: vgaarb: VGA device added: decodes=io+mem,owns=io+mem,locks=none
[    0.318257] pci 0000:00:02.0: vgaarb: bridge control possible
[    0.319261] vgaarb: loaded
[    0.319570] SCSI subsystem initialized
[    0.320352] libata version 3.00 loaded.
[    0.320352] pps_core: LinuxPPS API ver. 1 registered
[    0.320668] pps_core: Software ver. 5.3.6 - Copyright 2005-2007 Rodolfo Giometti <giometti@linux.it>
[    0.321256] PTP clock support registered
[    0.321813] EDAC MC: Ver: 3.0.0
[    0.322302] Advanced Linux Sound Architecture Driver Initialized.
[    0.322626] PCI: Using ACPI for IRQ routing
[    0.323232] PCI: pci_cache_line_size set to 64 bytes
[    0.323232] e820: reserve RAM buffer [mem 0x0009fc00-0x0009ffff]
[    0.323232] e820: reserve RAM buffer [mem 0xdfff0000-0xdfffffff]
[    0.323266] NetLabel: Initializing
[    0.323266] NetLabel:  domain hash size = 128
[    0.323315] NetLabel:  protocols = UNLABELED CIPSOv4 CALIPSO
[    0.323689] NetLabel:  unlabeled traffic allowed by default
[    0.324341] clocksource: Switched to clocksource tsc-early
[    0.399716] VFS: Disk quotas dquot_6.6.0
[    0.400049] VFS: Dquot-cache hash table entries: 512 (order 0, 4096 bytes)
[    0.400474] *** VALIDATE hugetlbfs ***
[    0.400820] pnp: PnP ACPI init
[    0.401110] pnp 00:00: Plug and Play ACPI device, IDs PNP0303 (active)
[    0.401175] pnp 00:01: Plug and Play ACPI device, IDs PNP0f03 (active)
[    0.402065] pnp: PnP ACPI: found 2 devices
[    0.408619] clocksource: acpi_pm: mask: 0xffffff max_cycles: 0xffffff, max_idle_ns: 2085701024 ns
[    0.409077] pci_bus 0000:00: resource 4 [io  0x0000-0x0cf7 window]
[    0.409080] pci_bus 0000:00: resource 5 [io  0x0d00-0xffff window]
[    0.409083] pci_bus 0000:00: resource 6 [mem 0x000a0000-0x000bffff window]
[    0.409085] pci_bus 0000:00: resource 7 [mem 0xe0000000-0xfdffffff window]
[    0.409123] NET: Registered protocol family 2
[    0.409639] tcp_listen_portaddr_hash hash table entries: 2048 (order: 3, 32768 bytes)
[    0.410348] TCP established hash table entries: 32768 (order: 6, 262144 bytes)
[    0.410995] TCP bind hash table entries: 32768 (order: 7, 524288 bytes)
[    0.411414] TCP: Hash tables configured (established 32768 bind 32768)
[    0.411969] UDP hash table entries: 2048 (order: 4, 65536 bytes)
[    0.412333] UDP-Lite hash table entries: 2048 (order: 4, 65536 bytes)
[    0.412907] NET: Registered protocol family 1
[    0.413952] RPC: Registered named UNIX socket transport module.
[    0.414448] RPC: Registered udp transport module.
[    0.414760] RPC: Registered tcp transport module.
[    0.415072] RPC: Registered tcp NFSv4.1 backchannel transport module.
[    0.415752] pci 0000:00:00.0: Limiting direct PCI/PCI transfers
[    0.416087] pci 0000:00:01.0: Activating ISA DMA hang workarounds
[    0.416624] pci 0000:00:02.0: Video device with shadowed ROM at [mem 0x000c0000-0x000dffff]
[    0.418353] PCI: CLS 0 bytes, default 64
[    0.418391] PCI-DMA: Using software bounce buffering for IO (SWIOTLB)
[    0.418872] software IO TLB: mapped [mem 0xdbff0000-0xdfff0000] (64MB)
[    0.419613] RAPL PMU: API unit is 2^-32 Joules, 3 fixed counters, 10737418240 ms ovfl timer
[    0.420085] RAPL PMU: hw unit of domain pp0-core 2^-0 Joules
[    0.420396] RAPL PMU: hw unit of domain package 2^-0 Joules
[    0.420841] RAPL PMU: hw unit of domain pp1-gpu 2^-0 Joules
[    0.421153] platform rtc_cmos: registered platform RTC device (no PNP device found)
[    0.423281] check: Scanning for low memory corruption every 60 seconds
[    0.424068] Initialise system trusted keyrings
[    0.424570] workingset: timestamp_bits=56 max_order=20 bucket_order=0
[    0.426717] NFS: Registering the id_resolver key type
[    0.427061] Key type id_resolver registered
[    0.427344] Key type id_legacy registered
[    0.430923] Key type asymmetric registered
[    0.431219] Asymmetric key parser 'x509' registered
[    0.431566] Block layer SCSI generic (bsg) driver version 0.4 loaded (major 251)
[    0.432041] io scheduler mq-deadline registered
[    0.432398] io scheduler kyber registered
[    0.433139] ACPI: AC Adapter [AC] (on-line)
[    0.433686] input: Power Button as /devices/LNXSYSTM:00/LNXPWRBN:00/input/input0
[    0.434172] ACPI: Power Button [PWRF]
[    0.434621] input: Sleep Button as /devices/LNXSYSTM:00/LNXSLPBN:00/input/input1
[    0.435093] ACPI: Sleep Button [SLPF]
[    0.435477] ACPI: Video Device [GFX0] (multi-head: yes  rom: no  post: no)
[    0.435999] input: Video Bus as /devices/LNXSYSTM:00/LNXSYBUS:00/PNP0A03:00/LNXVIDEO:00/input/input2
[    0.436985] Serial: 8250/16550 driver, 4 ports, IRQ sharing enabled
[    0.437788] Non-volatile memory driver v1.3
[    0.438180] Linux agpgart interface v0.103
[    0.441201] loop: module loaded
[    0.441620] ahci 0000:00:0d.0: version 3.0
[    0.442076] ahci 0000:00:0d.0: SSS flag set, parallel bus scan disabled
[    0.442766] ahci 0000:00:0d.0: AHCI 0001.0100 32 slots 1 ports 3 Gbps 0x1 impl SATA mode
[    0.443179] ahci 0000:00:0d.0: flags: 64bit ncq stag only ccc 
[    0.444004] scsi host0: ahci
[    0.444309] ata1: SATA max UDMA/133 abar m8192@0xf0806000 port 0xf0806100 irq 21
[    0.444854] ata_piix 0000:00:01.1: version 2.13
[    0.445981] scsi host1: ata_piix
[    0.446708] scsi host2: ata_piix
[    0.447041] ata2: PATA max UDMA/33 cmd 0x1f0 ctl 0x3f6 bmdma 0xd000 irq 14
[    0.447398] ata3: PATA max UDMA/33 cmd 0x170 ctl 0x376 bmdma 0xd008 irq 15
[    0.447856] e100: Intel(R) PRO/100 Network Driver, 3.5.24-k2-NAPI
[    0.448177] e100: Copyright(c) 1999-2006 Intel Corporation
[    0.448626] e1000: Intel(R) PRO/1000 Network Driver - version 7.3.21-k8-NAPI
[    0.449009] e1000: Copyright (c) 1999-2006 Intel Corporation.
[    0.607395] ata3.00: ATAPI: VBOX CD-ROM, 1.0, max UDMA/133
[    0.756543] ata1: SATA link up 3.0 Gbps (SStatus 123 SControl 300)
[    0.757155] ata1.00: ATA-6: VBOX HARDDISK, 1.0, max UDMA/133
[    0.757667] ata1.00: 33554432 sectors, multi 128: LBA48 NCQ (depth 32)
[    0.758481] ata1.00: configured for UDMA/133
[    0.759226] scsi 0:0:0:0: Direct-Access     ATA      VBOX HARDDISK    1.0  PQ: 0 ANSI: 5
[    0.760222] scsi 0:0:0:0: Attached scsi generic sg0 type 0
[    0.760996] sd 0:0:0:0: [sda] 33554432 512-byte logical blocks: (17.2 GB/16.0 GiB)
[    0.761643] sd 0:0:0:0: [sda] Write Protect is off
[    0.761653] scsi 2:0:0:0: CD-ROM            VBOX     CD-ROM           1.0  PQ: 0 ANSI: 5
[    0.762020] sd 0:0:0:0: [sda] Mode Sense: 00 3a 00 00
[    0.762757] sd 0:0:0:0: [sda] Write cache: enabled, read cache: enabled, doesn't support DPO or FUA
[    0.765847]  sda: sda1 sda2 sda3
[    0.766733] sd 0:0:0:0: [sda] Attached SCSI disk
[    0.788076] sr 2:0:0:0: [sr0] scsi3-mmc drive: 32x/32x xa/form2 tray
[    0.788532] cdrom: Uniform CD-ROM driver Revision: 3.20
[    0.789194] sr 2:0:0:0: Attached scsi CD-ROM sr0
[    0.789396] sr 2:0:0:0: Attached scsi generic sg1 type 5
[    0.816685] e1000 0000:00:03.0 eth0: (PCI:33MHz:32-bit) 08:00:27:3d:d4:d9
[    0.817245] e1000 0000:00:03.0 eth0: Intel(R) PRO/1000 Network Connection
[    0.817694] e1000e: Intel(R) PRO/1000 Network Driver - 3.2.6-k
[    0.818044] e1000e: Copyright(c) 1999 - 2015 Intel Corporation.
[    0.818382] sky2: driver version 1.30
[    0.818731] i8042: PNP: PS/2 Controller [PNP0303:PS2K,PNP0f03:PS2M] at 0x60,0x64 irq 1,12
[    0.819562] serio: i8042 KBD port at 0x60,0x64 irq 1
[    0.819929] serio: i8042 AUX port at 0x60,0x64 irq 12
[    0.821297] rtc_cmos rtc_cmos: registered as rtc0
[    0.821696] input: AT Translated Set 2 keyboard as /devices/platform/i8042/serio0/input/input3
[    0.822252] rtc_cmos rtc_cmos: alarms up to one day, 114 bytes nvram
[    0.823726] device-mapper: ioctl: 4.40.0-ioctl (2019-01-18) initialised: dm-devel@redhat.com
[    0.824226] intel_pstate: CPU model not supported
[    0.826237] Initializing XFRM netlink socket
[    0.826686] NET: Registered protocol family 10
[    0.827441] Segment Routing with IPv6
[    0.828286] sit: IPv6, IPv4 and MPLS over IPv4 tunneling driver
[    0.828791] NET: Registered protocol family 17
[    0.829136] Key type dns_resolver registered
[    0.829911] mce: Using 0 MCE banks
[    0.830601] sched_clock: Marking stable (787025644, 43545473)->(937802146, -107231029)
[    0.832925] registered taskstats version 1
[    0.833184] Loading compiled-in X.509 certificates
[    0.833825] PM:   Magic number: 15:774:235
[    0.834178] printk: console [netcon0] enabled
[    0.834481] netconsole: network logging started
[    0.834979] cfg80211: Loading compiled-in X.509 certificates for regulatory database
[    0.836456] cfg80211: Loaded X.509 cert 'sforshee: 00b28ddf47aef9cea7'
[    0.836808] ALSA device list:
[    0.837085]   No soundcards found.
[    0.837423] platform regulatory.0: Direct firmware load for regulatory.db failed with error -2
[    0.837965] cfg80211: failed to load regulatory.db
[    1.026216] random: fast init done
[    1.026874] input: ImExPS/2 Generic Explorer Mouse as /devices/platform/i8042/serio1/input/input5
[    1.027559] md: Waiting for all devices to be available before autodetect
[    1.027923] md: If you don't use raid, use raid=noautodetect
[    1.028440] md: Autodetecting RAID arrays.
[    1.029177] md: autorun ...
[    1.029455] md: ... autorun DONE.
[    1.041766] EXT4-fs (sda3): mounted filesystem with ordered data mode. Opts: (null)
[    1.042239] VFS: Mounted root (ext4 filesystem) readonly on device 8:3.
[    1.079528] devtmpfs: mounted
[    1.080395] Freeing unused kernel image memory: 1268K
[    1.080783] Write protecting the kernel read-only data: 18432k
[    1.081754] Freeing unused kernel image memory: 2008K
[    1.082518] Freeing unused kernel image memory: 1136K
[    1.082890] Run /sbin/init as init process
[    1.479423] tsc: Refined TSC clocksource calibration: 2893.407 MHz
[    1.479861] clocksource: tsc: mask: 0xffffffffffffffff max_cycles: 0x29b4eef41a6, max_idle_ns: 440795231367 ns
[    1.480611] clocksource: Switched to clocksource tsc
[    1.616577] random: crng init done
[    1.811756] stty (125) used greatest stack depth: 13864 bytes left
[    2.118249] dmesg (127) used greatest stack depth: 13736 bytes left
[    3.581181] ip (178) used greatest stack depth: 12632 bytes left
[    3.858005] udevd[203]: starting version 3.2.7
[    4.354645] udevd[204]: starting eudev-3.2.7
[    4.635741] e1000 0000:00:03.0 enp0s3: renamed from eth0
[    4.715051] ACPI: bus type USB registered
[    4.715465] usbcore: registered new interface driver usbfs
[    4.715855] usbcore: registered new interface driver hub
[    4.716367] usbcore: registered new device driver usb
[    4.751147] ehci_hcd: USB 2.0 'Enhanced' Host Controller (EHCI) Driver
[    4.760525] ohci_hcd: USB 1.1 'Open' Host Controller (OHCI) Driver
[    4.802090] ehci-pci: EHCI PCI platform driver
[    4.805409] ohci-pci: OHCI PCI platform driver
[    4.806534] ohci-pci 0000:00:06.0: OHCI PCI host controller
[    4.806898] ohci-pci 0000:00:06.0: new USB bus registered, assigned bus number 1
[    4.807967] ohci-pci 0000:00:06.0: irq 22, io mem 0xf0804000
[    4.860813] usb usb1: New USB device found, idVendor=1d6b, idProduct=0001, bcdDevice= 5.01
[    4.861409] usb usb1: New USB device strings: Mfr=3, Product=2, SerialNumber=1
[    4.861961] usb usb1: Product: OHCI PCI host controller
[    4.862328] usb usb1: Manufacturer: Linux 5.1.0-rc6-next-20190426 ohci_hcd
[    4.862740] usb usb1: SerialNumber: 0000:00:06.0
[    4.863347] hub 1-0:1.0: USB hub found
[    4.863706] hub 1-0:1.0: 12 ports detected
[    5.244409] Adding 3145724k swap on /dev/sda2.  Priority:1 extents:1 across:3145724k 
[    5.250299] usb 1-1: new full-speed USB device number 2 using ohci-pci
[    5.263064] EXT4-fs (sda3): re-mounted. Opts: (null)
[    5.457687] EXT4-fs (sda3): re-mounted. Opts: (null)
[    5.503222] usb 1-1: New USB device found, idVendor=80ee, idProduct=0021, bcdDevice= 1.00
[    5.503747] usb 1-1: New USB device strings: Mfr=1, Product=3, SerialNumber=0
[    5.504135] usb 1-1: Product: USB Tablet
[    5.504483] usb 1-1: Manufacturer: VirtualBox
[    5.568170] hidraw: raw HID events driver (C) Jiri Kosina
[    5.614072] input: VirtualBox USB Tablet as /devices/pci0000:00/0000:00:06.0/usb1/1-1/1-1:1.0/0003:80EE:0021.0001/input/input6
[    5.614844] hid-generic 0003:80EE:0021.0001: input,hidraw0: USB HID v1.10 Mouse [VirtualBox USB Tablet] on usb-0000:00:06.0-1/input0
[    5.615725] usbcore: registered new interface driver usbhid
[    5.616108] usbhid: USB HID core driver
[    6.892733] e1000: enp0s3 NIC Link is Up 1000 Mbps Full Duplex, Flow Control: RX
[    6.893667] IPv6: ADDRCONF(NETDEV_CHANGE): enp0s3: link becomes ready
