[    0.000000] Linux version 5.1.0-rc7-agrum-thor_kernel-dirty (root@agrumbac) (gcc version 8.2.0 (GCC)) #2 SMP Mon Apr 29 15:20:39 UTC 2019
[    0.000000] Command line: BOOT_IMAGE=/vmlinuz-v5.1-rc7-agrumbac root=/dev/sda3 ro
[    0.000000] x86/fpu: Supporting XSAVE feature 0x001: 'x87 floating point registers'
[    0.000000] x86/fpu: Supporting XSAVE feature 0x002: 'SSE registers'
[    0.000000] x86/fpu: Supporting XSAVE feature 0x004: 'AVX registers'
[    0.000000] x86/fpu: xstate_offset[2]:  576, xstate_sizes[2]:  256
[    0.000000] x86/fpu: Enabled xstate features 0x7, context size is 832 bytes, using 'standard' format.
[    0.000000] BIOS-provided physical RAM map:
[    0.000000] BIOS-e820: [mem 0x0000000000000000-0x000000000009fbff] usable
[    0.000000] BIOS-e820: [mem 0x000000000009fc00-0x000000000009ffff] reserved
[    0.000000] BIOS-e820: [mem 0x00000000000f0000-0x00000000000fffff] reserved
[    0.000000] BIOS-e820: [mem 0x0000000000100000-0x000000007ffeffff] usable
[    0.000000] BIOS-e820: [mem 0x000000007fff0000-0x000000007fffffff] ACPI data
[    0.000000] BIOS-e820: [mem 0x00000000fec00000-0x00000000fec00fff] reserved
[    0.000000] BIOS-e820: [mem 0x00000000fee00000-0x00000000fee00fff] reserved
[    0.000000] BIOS-e820: [mem 0x00000000fffc0000-0x00000000ffffffff] reserved
[    0.000000] NX (Execute Disable) protection: active
[    0.000000] SMBIOS 2.5 present.
[    0.000000] DMI: innotek GmbH VirtualBox/VirtualBox, BIOS VirtualBox 12/01/2006
[    0.000000] tsc: Fast TSC calibration using PIT
[    0.000000] tsc: Detected 2893.448 MHz processor
[    0.001425] e820: update [mem 0x00000000-0x00000fff] usable ==> reserved
[    0.001428] e820: remove [mem 0x000a0000-0x000fffff] usable
[    0.001432] last_pfn = 0x7fff0 max_arch_pfn = 0x400000000
[    0.001441] MTRR default type: uncachable
[    0.001443] MTRR variable ranges disabled:
[    0.001444] Disabled
[    0.001446] x86/PAT: MTRRs disabled, skipping PAT initialization too.
[    0.001449] CPU MTRRs all blank - virtualized system.
[    0.001452] x86/PAT: Configuration [0-7]: WB  WT  UC- UC  WB  WT  UC- UC  
[    0.001526] found SMP MP-table at [mem 0x0009fff0-0x0009ffff]
[    0.001540] check: Scanning 1 areas for low memory corruption
[    0.001567] BRK [0x7bc01000, 0x7bc01fff] PGTABLE
[    0.001570] BRK [0x7bc02000, 0x7bc02fff] PGTABLE
[    0.001572] BRK [0x7bc03000, 0x7bc03fff] PGTABLE
[    0.001591] BRK [0x7bc04000, 0x7bc04fff] PGTABLE
[    0.001594] BRK [0x7bc05000, 0x7bc05fff] PGTABLE
[    0.001659] BRK [0x7bc06000, 0x7bc06fff] PGTABLE
[    0.001683] ACPI: Early table checksum verification disabled
[    0.001703] ACPI: RSDP 0x00000000000E0000 000024 (v02 VBOX  )
[    0.001708] ACPI: XSDT 0x000000007FFF0030 00003C (v01 VBOX   VBOXXSDT 00000001 ASL  00000061)
[    0.001715] ACPI: FACP 0x000000007FFF00F0 0000F4 (v04 VBOX   VBOXFACP 00000001 ASL  00000061)
[    0.001723] ACPI: DSDT 0x000000007FFF0470 0021FF (v02 VBOX   VBOXBIOS 00000002 INTL 20100528)
[    0.001728] ACPI: FACS 0x000000007FFF0200 000040
[    0.001732] ACPI: FACS 0x000000007FFF0200 000040
[    0.001737] ACPI: APIC 0x000000007FFF0240 00005C (v02 VBOX   VBOXAPIC 00000001 ASL  00000061)
[    0.001742] ACPI: SSDT 0x000000007FFF02A0 0001CC (v01 VBOX   VBOXCPUT 00000002 INTL 20100528)
[    0.001752] ACPI: Local APIC address 0xfee00000
[    0.001939] No NUMA configuration found
[    0.001941] Faking a node at [mem 0x0000000000000000-0x000000007ffeffff]
[    0.001945] NODE_DATA(0) allocated [mem 0x7ffec000-0x7ffeffff]
[    0.002189] Zone ranges:
[    0.002192]   DMA      [mem 0x0000000000001000-0x0000000000ffffff]
[    0.002194]   DMA32    [mem 0x0000000001000000-0x000000007ffeffff]
[    0.002196]   Normal   empty
[    0.002198] Movable zone start for each node
[    0.002200] Early memory node ranges
[    0.002202]   node   0: [mem 0x0000000000001000-0x000000000009efff]
[    0.002204]   node   0: [mem 0x0000000000100000-0x000000007ffeffff]
[    0.002462] Zeroed struct page in unavailable ranges: 98 pages
[    0.002464] Initmem setup node 0 [mem 0x0000000000001000-0x000000007ffeffff]
[    0.002467] On node 0 totalpages: 524174
[    0.002469]   DMA zone: 64 pages used for memmap
[    0.002470]   DMA zone: 21 pages reserved
[    0.002472]   DMA zone: 3998 pages, LIFO batch:0
[    0.002569]   DMA32 zone: 8128 pages used for memmap
[    0.002570]   DMA32 zone: 520176 pages, LIFO batch:63
[    0.014993] ACPI: PM-Timer IO Port: 0x4008
[    0.014998] ACPI: Local APIC address 0xfee00000
[    0.015047] IOAPIC[0]: apic_id 2, version 32, address 0xfec00000, GSI 0-23
[    0.015051] ACPI: INT_SRC_OVR (bus 0 bus_irq 0 global_irq 2 dfl dfl)
[    0.015054] ACPI: INT_SRC_OVR (bus 0 bus_irq 9 global_irq 9 low level)
[    0.015057] ACPI: IRQ0 used by override.
[    0.015059] ACPI: IRQ9 used by override.
[    0.015062] Using ACPI (MADT) for SMP configuration information
[    0.015069] smpboot: Allowing 2 CPUs, 0 hotplug CPUs
[    0.015080] PM: Registered nosave memory: [mem 0x00000000-0x00000fff]
[    0.015082] PM: Registered nosave memory: [mem 0x0009f000-0x0009ffff]
[    0.015084] PM: Registered nosave memory: [mem 0x000a0000-0x000effff]
[    0.015086] PM: Registered nosave memory: [mem 0x000f0000-0x000fffff]
[    0.015088] [mem 0x80000000-0xfebfffff] available for PCI devices
[    0.015092] clocksource: refined-jiffies: mask: 0xffffffff max_cycles: 0xffffffff, max_idle_ns: 1910969940391419 ns
[    0.015101] random: get_random_bytes called from start_kernel+0x90/0x48a with crng_init=0
[    0.015107] setup_percpu: NR_CPUS:64 nr_cpumask_bits:64 nr_cpu_ids:2 nr_node_ids:1
[    0.015408] percpu: Embedded 43 pages/cpu s138136 r8192 d29800 u1048576
[    0.015413] pcpu-alloc: s138136 r8192 d29800 u1048576 alloc=1*2097152
[    0.015415] pcpu-alloc: [0] 0 1 
[    0.015428] Built 1 zonelists, mobility grouping on.  Total pages: 515961
[    0.015429] Policy zone: DMA32
[    0.015432] Kernel command line: BOOT_IMAGE=/vmlinuz-v5.1-rc7-agrumbac root=/dev/sda3 ro
[    0.015501] Calgary: detecting Calgary via BIOS EBDA area
[    0.015503] Calgary: Unable to locate Rio Grande table in EBDA - bailing!
[    0.019703] Memory: 2038704K/2096696K available (14340K kernel code, 1250K rwdata, 2920K rodata, 1276K init, 1436K bss, 57992K reserved, 0K cma-reserved)
[    0.020010] SLUB: HWalign=64, Order=0-3, MinObjects=0, CPUs=2, Nodes=1
[    0.020015] Kernel/User page tables isolation: enabled
[    0.020334] rcu: Hierarchical RCU implementation.
[    0.020336] rcu: 	RCU event tracing is enabled.
[    0.020338] rcu: 	RCU restricting CPUs from NR_CPUS=64 to nr_cpu_ids=2.
[    0.020340] rcu: RCU calculated value of scheduler-enlistment delay is 100 jiffies.
[    0.020342] rcu: Adjusting geometry for rcu_fanout_leaf=16, nr_cpu_ids=2
[    0.020484] NR_IRQS: 4352, nr_irqs: 440, preallocated irqs: 16
[    0.027567] Console: colour VGA+ 80x25
[    0.057223] printk: console [tty0] enabled
[    0.057567] ACPI: Core revision 20190215
[    0.058036] APIC: Switch to symmetric I/O mode setup
[    0.059148] ..TIMER: vector=0x30 apic1=0 pin1=2 apic2=-1 pin2=-1
[    0.063990] clocksource: tsc-early: mask: 0xffffffffffffffff max_cycles: 0x29b51599645, max_idle_ns: 440795228289 ns
[    0.064555] Calibrating delay loop (skipped), value calculated using timer frequency.. 5786.89 BogoMIPS (lpj=2893448)
[    0.065545] pid_max: default: 32768 minimum: 301
[    0.065877] LSM: Security Framework initializing
[    0.066200] SELinux:  Initializing.
[    0.066555] *** VALIDATE SELinux ***
[    0.067299] Dentry cache hash table entries: 262144 (order: 9, 2097152 bytes)
[    0.067617] Inode-cache hash table entries: 131072 (order: 8, 1048576 bytes)
[    0.068034] Mount-cache hash table entries: 4096 (order: 3, 32768 bytes)
[    0.068414] Mountpoint-cache hash table entries: 4096 (order: 3, 32768 bytes)
[    0.068650] *** VALIDATE proc ***
[    0.069566] *** VALIDATE cgroup1 ***
[    0.069854] *** VALIDATE cgroup2 ***
[    0.070216] mce: CPU supports 0 MCE banks
[    0.070880] Last level iTLB entries: 4KB 512, 2MB 8, 4MB 8
[    0.071241] Last level dTLB entries: 4KB 512, 2MB 32, 4MB 32, 1GB 0
[    0.071545] Spectre V2 : Mitigation: Full generic retpoline
[    0.071907] Spectre V2 : Spectre v2 / SpectreRSB mitigation: Filling RSB on context switch
[    0.072438] Speculative Store Bypass: Vulnerable
[    0.072697] Freeing SMP alternatives memory: 36K
[    0.073538] smpboot: CPU0: Intel(R) Core(TM) i5-3470S CPU @ 2.90GHz (family: 0x6, model: 0x3a, stepping: 0x9)
[    0.073591] Performance Events: unsupported p6 CPU model 58 no PMU driver, software events only.
[    0.074091] rcu: Hierarchical SRCU implementation.
[    0.074577] smp: Bringing up secondary CPUs ...
[    0.075020] x86: Booting SMP configuration:
[    0.075211] .... node  #0, CPUs:      #1
[    0.037909] mce: CPU supports 0 MCE banks
[    0.076577] smp: Brought up 1 node, 2 CPUs
[    0.077832] smpboot: Max logical packages: 1
[    0.078122] smpboot: Total of 2 processors activated (11573.79 BogoMIPS)
[    0.078616] devtmpfs: initialized
[    0.079631] clocksource: jiffies: mask: 0xffffffff max_cycles: 0xffffffff, max_idle_ns: 1911260446275000 ns
[    0.080117] futex hash table entries: 512 (order: 3, 32768 bytes)
[    0.080560] PM: RTC time: 15:24:02, date: 2019-04-29
[    0.081016] NET: Registered protocol family 16
[    0.081376] audit: initializing netlink subsys (disabled)
[    0.081576] audit: type=2000 audit(1556551441.024:1): state=initialized audit_enabled=0 res=1
[    0.082052] cpuidle: using governor menu
[    0.082575] ACPI: bus type PCI registered
[    0.082894] PCI: Using configuration type 1 for base access
[    0.084668] HugeTLB registered 2.00 MiB page size, pre-allocated 0 pages
[    0.085621] ACPI: Added _OSI(Module Device)
[    0.085621] ACPI: Added _OSI(Processor Device)
[    0.085847] ACPI: Added _OSI(3.0 _SCP Extensions)
[    0.086135] ACPI: Added _OSI(Processor Aggregator Device)
[    0.086545] ACPI: Added _OSI(Linux-Dell-Video)
[    0.086545] ACPI: Added _OSI(Linux-Lenovo-NV-HDMI-Audio)
[    0.086864] ACPI: Added _OSI(Linux-HPI-Hybrid-Graphics)
[    0.088233] ACPI: 2 ACPI AML tables successfully acquired and loaded
[    0.090416] ACPI: Interpreter enabled
[    0.090551] ACPI: (supports S0 S5)
[    0.090813] ACPI: Using IOAPIC for interrupt routing
[    0.091185] PCI: Using host bridge windows from ACPI; if necessary, use "pci=nocrs" and report a bug
[    0.092105] ACPI: Enabled 2 GPEs in block 00 to 07
[    0.095926] ACPI: PCI Root Bridge [PCI0] (domain 0000 [bus 00-ff])
[    0.096304] acpi PNP0A03:00: _OSC: OS supports [ASPM ClockPM Segments MSI]
[    0.096560] acpi PNP0A03:00: _OSC: not requesting OS control; OS requires [ExtendedConfig ASPM ClockPM MSI]
[    0.097082] acpi PNP0A03:00: fail to add MMCONFIG information, can't access extended PCI configuration space under this bridge.
[    0.097704] PCI host bridge to bus 0000:00
[    0.098545] pci_bus 0000:00: root bus resource [io  0x0000-0x0cf7 window]
[    0.098893] pci_bus 0000:00: root bus resource [io  0x0d00-0xffff window]
[    0.099244] pci_bus 0000:00: root bus resource [mem 0x000a0000-0x000bffff window]
[    0.099544] pci_bus 0000:00: root bus resource [mem 0x80000000-0xfdffffff window]
[    0.099973] pci_bus 0000:00: root bus resource [bus 00-ff]
[    0.100284] pci 0000:00:00.0: [8086:1237] type 00 class 0x060000
[    0.100858] pci 0000:00:01.0: [8086:7000] type 00 class 0x060100
[    0.101491] pci 0000:00:01.1: [8086:7111] type 00 class 0x01018a
[    0.101904] pci 0000:00:01.1: reg 0x20: [io  0xd000-0xd00f]
[    0.102059] pci 0000:00:01.1: legacy IDE quirk: reg 0x10: [io  0x01f0-0x01f7]
[    0.102299] pci 0000:00:01.1: legacy IDE quirk: reg 0x14: [io  0x03f6]
[    0.102544] pci 0000:00:01.1: legacy IDE quirk: reg 0x18: [io  0x0170-0x0177]
[    0.102887] pci 0000:00:01.1: legacy IDE quirk: reg 0x1c: [io  0x0376]
[    0.103445] pci 0000:00:02.0: [80ee:beef] type 00 class 0x030000
[    0.105020] pci 0000:00:02.0: reg 0x10: [mem 0xe0000000-0xe0ffffff pref]
[    0.113744] pci 0000:00:03.0: [8086:100e] type 00 class 0x020000
[    0.114957] pci 0000:00:03.0: reg 0x10: [mem 0xf0000000-0xf001ffff]
[    0.117041] pci 0000:00:03.0: reg 0x18: [io  0xd010-0xd017]
[    0.122019] pci 0000:00:04.0: [80ee:cafe] type 00 class 0x088000
[    0.123016] pci 0000:00:04.0: reg 0x10: [io  0xd020-0xd03f]
[    0.123810] pci 0000:00:04.0: reg 0x14: [mem 0xf0400000-0xf07fffff]
[    0.124574] pci 0000:00:04.0: reg 0x18: [mem 0xf0800000-0xf0803fff pref]
[    0.129219] pci 0000:00:05.0: [8086:2415] type 00 class 0x040100
[    0.129546] pci 0000:00:05.0: reg 0x10: [io  0xd100-0xd1ff]
[    0.129626] pci 0000:00:05.0: reg 0x14: [io  0xd200-0xd23f]
[    0.130224] pci 0000:00:06.0: [106b:003f] type 00 class 0x0c0310
[    0.130649] pci 0000:00:06.0: reg 0x10: [mem 0xf0804000-0xf0804fff]
[    0.136064] pci 0000:00:07.0: [8086:7113] type 00 class 0x068000
[    0.136453] pci 0000:00:07.0: quirk: [io  0x4000-0x403f] claimed by PIIX4 ACPI
[    0.137557] pci 0000:00:07.0: quirk: [io  0x4100-0x410f] claimed by PIIX4 SMB
[    0.137823] pci 0000:00:0b.0: [8086:265c] type 00 class 0x0c0320
[    0.139036] pci 0000:00:0b.0: reg 0x10: [mem 0xf0805000-0xf0805fff]
[    0.144066] pci 0000:00:0d.0: [8086:2829] type 00 class 0x010601
[    0.144822] pci 0000:00:0d.0: reg 0x10: [io  0xd240-0xd247]
[    0.146013] pci 0000:00:0d.0: reg 0x14: [io  0xd248-0xd24b]
[    0.146889] pci 0000:00:0d.0: reg 0x18: [io  0xd250-0xd257]
[    0.147674] pci 0000:00:0d.0: reg 0x1c: [io  0xd258-0xd25b]
[    0.148962] pci 0000:00:0d.0: reg 0x20: [io  0xd260-0xd26f]
[    0.149822] pci 0000:00:0d.0: reg 0x24: [mem 0xf0806000-0xf0807fff]
[    0.152267] ACPI: PCI Interrupt Link [LNKA] (IRQs 5 9 10 *11)
[    0.152756] ACPI: PCI Interrupt Link [LNKB] (IRQs 5 9 *10 11)
[    0.153211] ACPI: PCI Interrupt Link [LNKC] (IRQs 5 *9 10 11)
[    0.153633] ACPI: PCI Interrupt Link [LNKD] (IRQs 5 9 10 *11)
[    0.154568] pci 0000:00:02.0: vgaarb: setting as boot VGA device
[    0.154568] pci 0000:00:02.0: vgaarb: VGA device added: decodes=io+mem,owns=io+mem,locks=none
[    0.155548] pci 0000:00:02.0: vgaarb: bridge control possible
[    0.155878] vgaarb: loaded
[    0.156623] SCSI subsystem initialized
[    0.157617] libata version 3.00 loaded.
[    0.157620] pps_core: LinuxPPS API ver. 1 registered
[    0.157953] pps_core: Software ver. 5.3.6 - Copyright 2005-2007 Rodolfo Giometti <giometti@linux.it>
[    0.158278] PTP clock support registered
[    0.158589] EDAC MC: Ver: 3.0.0
[    0.159609] Advanced Linux Sound Architecture Driver Initialized.
[    0.159983] PCI: Using ACPI for IRQ routing
[    0.160286] PCI: pci_cache_line_size set to 64 bytes
[    0.160471] e820: reserve RAM buffer [mem 0x0009fc00-0x0009ffff]
[    0.160476] e820: reserve RAM buffer [mem 0x7fff0000-0x7fffffff]
[    0.160645] NetLabel: Initializing
[    0.160936] NetLabel:  domain hash size = 128
[    0.161249] NetLabel:  protocols = UNLABELED CIPSOv4 CALIPSO
[    0.161558] NetLabel:  unlabeled traffic allowed by default
[    0.162028] clocksource: Switched to clocksource tsc-early
[    0.230481] VFS: Disk quotas dquot_6.6.0
[    0.231066] VFS: Dquot-cache hash table entries: 512 (order 0, 4096 bytes)
[    0.231455] *** VALIDATE hugetlbfs ***
[    0.231803] pnp: PnP ACPI init
[    0.232136] pnp 00:00: Plug and Play ACPI device, IDs PNP0303 (active)
[    0.232195] pnp 00:01: Plug and Play ACPI device, IDs PNP0f03 (active)
[    0.232889] pnp: PnP ACPI: found 2 devices
[    0.246004] clocksource: acpi_pm: mask: 0xffffff max_cycles: 0xffffff, max_idle_ns: 2085701024 ns
[    0.246504] pci_bus 0000:00: resource 4 [io  0x0000-0x0cf7 window]
[    0.246506] pci_bus 0000:00: resource 5 [io  0x0d00-0xffff window]
[    0.246508] pci_bus 0000:00: resource 6 [mem 0x000a0000-0x000bffff window]
[    0.246510] pci_bus 0000:00: resource 7 [mem 0x80000000-0xfdffffff window]
[    0.246555] NET: Registered protocol family 2
[    0.246895] tcp_listen_portaddr_hash hash table entries: 1024 (order: 2, 16384 bytes)
[    0.247305] TCP established hash table entries: 16384 (order: 5, 131072 bytes)
[    0.247773] TCP bind hash table entries: 16384 (order: 6, 262144 bytes)
[    0.248110] TCP: Hash tables configured (established 16384 bind 16384)
[    0.248479] UDP hash table entries: 1024 (order: 3, 32768 bytes)
[    0.248771] UDP-Lite hash table entries: 1024 (order: 3, 32768 bytes)
[    0.249126] NET: Registered protocol family 1
[    0.249971] RPC: Registered named UNIX socket transport module.
[    0.250301] RPC: Registered udp transport module.
[    0.250593] RPC: Registered tcp transport module.
[    0.251167] RPC: Registered tcp NFSv4.1 backchannel transport module.
[    0.251773] pci 0000:00:00.0: Limiting direct PCI/PCI transfers
[    0.252111] pci 0000:00:01.0: Activating ISA DMA hang workarounds
[    0.252515] pci 0000:00:02.0: Video device with shadowed ROM at [mem 0x000c0000-0x000dffff]
[    0.254927] PCI: CLS 0 bytes, default 64
[    0.255071] RAPL PMU: API unit is 2^-32 Joules, 3 fixed counters, 10737418240 ms ovfl timer
[    0.255555] RAPL PMU: hw unit of domain pp0-core 2^-0 Joules
[    0.255863] RAPL PMU: hw unit of domain package 2^-0 Joules
[    0.256192] RAPL PMU: hw unit of domain pp1-gpu 2^-0 Joules
[    0.256564] platform rtc_cmos: registered platform RTC device (no PNP device found)
[    0.257801] check: Scanning for low memory corruption every 60 seconds
[    0.258578] Initialise system trusted keyrings
[    0.259047] workingset: timestamp_bits=56 max_order=19 bucket_order=0
[    0.261428] NFS: Registering the id_resolver key type
[    0.261767] Key type id_resolver registered
[    0.262030] Key type id_legacy registered
[    0.264577] cryptomgr_test (37) used greatest stack depth: 15200 bytes left
[    0.264743] kworker/u4:0 (39) used greatest stack depth: 14528 bytes left
[    0.266021] kworker/u4:0 (51) used greatest stack depth: 14080 bytes left
[    0.269578] Key type asymmetric registered
[    0.269860] Asymmetric key parser 'x509' registered
[    0.270129] Block layer SCSI generic (bsg) driver version 0.4 loaded (major 251)
[    0.270553] io scheduler mq-deadline registered
[    0.271080] io scheduler kyber registered
[    0.271770] ACPI: AC Adapter [AC] (on-line)
[    0.272138] input: Power Button as /devices/LNXSYSTM:00/LNXPWRBN:00/input/input0
[    0.272615] ACPI: Power Button [PWRF]
[    0.273119] input: Sleep Button as /devices/LNXSYSTM:00/LNXSLPBN:00/input/input1
[    0.273504] ACPI: Sleep Button [SLPF]
[    0.274820] ACPI: Video Device [GFX0] (multi-head: yes  rom: no  post: no)
[    0.275218] input: Video Bus as /devices/LNXSYSTM:00/LNXSYBUS:00/PNP0A03:00/LNXVIDEO:00/input/input2
[    0.276388] Serial: 8250/16550 driver, 4 ports, IRQ sharing enabled
[    0.277753] Non-volatile memory driver v1.3
[    0.278143] Linux agpgart interface v0.103
[    0.281072] loop: module loaded
[    0.281438] ahci 0000:00:0d.0: version 3.0
[    0.281926] ahci 0000:00:0d.0: SSS flag set, parallel bus scan disabled
[    0.282420] ahci 0000:00:0d.0: AHCI 0001.0100 32 slots 1 ports 3 Gbps 0x1 impl SATA mode
[    0.282825] ahci 0000:00:0d.0: flags: 64bit ncq stag only ccc 
[    0.283561] scsi host0: ahci
[    0.284206] ata1: SATA max UDMA/133 abar m8192@0xf0806000 port 0xf0806100 irq 21
[    0.284827] ata_piix 0000:00:01.1: version 2.13
[    0.285424] scsi host1: ata_piix
[    0.286117] scsi host2: ata_piix
[    0.286460] ata2: PATA max UDMA/33 cmd 0x1f0 ctl 0x3f6 bmdma 0xd000 irq 14
[    0.286814] ata3: PATA max UDMA/33 cmd 0x170 ctl 0x376 bmdma 0xd008 irq 15
[    0.287385] e100: Intel(R) PRO/100 Network Driver, 3.5.24-k2-NAPI
[    0.287803] e100: Copyright(c) 1999-2006 Intel Corporation
[    0.288158] e1000: Intel(R) PRO/1000 Network Driver - version 7.3.21-k8-NAPI
[    0.288557] e1000: Copyright (c) 1999-2006 Intel Corporation.
[    0.442358] ata3.00: ATAPI: VBOX CD-ROM, 1.0, max UDMA/133
[    0.591043] ata1: SATA link up 3.0 Gbps (SStatus 123 SControl 300)
[    0.591704] ata1.00: ATA-6: VBOX HARDDISK, 1.0, max UDMA/133
[    0.592147] ata1.00: 25419776 sectors, multi 128: LBA48 NCQ (depth 32)
[    0.592763] ata1.00: configured for UDMA/133
[    0.594413] scsi 0:0:0:0: Direct-Access     ATA      VBOX HARDDISK    1.0  PQ: 0 ANSI: 5
[    0.595246] sd 0:0:0:0: Attached scsi generic sg0 type 0
[    0.595805] sd 0:0:0:0: [sda] 25419776 512-byte logical blocks: (13.0 GB/12.1 GiB)
[    0.596563] sd 0:0:0:0: [sda] Write Protect is off
[    0.596982] sd 0:0:0:0: [sda] Mode Sense: 00 3a 00 00
[    0.597004] scsi 2:0:0:0: CD-ROM            VBOX     CD-ROM           1.0  PQ: 0 ANSI: 5
[    0.597719] sd 0:0:0:0: [sda] Write cache: enabled, read cache: enabled, doesn't support DPO or FUA
[    0.600397]  sda: sda1 sda2 sda3
[    0.601263] sd 0:0:0:0: [sda] Attached SCSI disk
[    0.621498] sr 2:0:0:0: [sr0] scsi3-mmc drive: 32x/32x xa/form2 tray
[    0.621684] cdrom: Uniform CD-ROM driver Revision: 3.20
[    0.622155] sr 2:0:0:0: Attached scsi CD-ROM sr0
[    0.622334] sr 2:0:0:0: Attached scsi generic sg1 type 5
[    0.649125] e1000 0000:00:03.0 eth0: (PCI:33MHz:32-bit) 08:00:27:ca:5c:fa
[    0.649513] e1000 0000:00:03.0 eth0: Intel(R) PRO/1000 Network Connection
[    0.649915] e1000e: Intel(R) PRO/1000 Network Driver - 3.2.6-k
[    0.650274] e1000e: Copyright(c) 1999 - 2015 Intel Corporation.
[    0.650644] sky2: driver version 1.30
[    0.651326] i8042: PNP: PS/2 Controller [PNP0303:PS2K,PNP0f03:PS2M] at 0x60,0x64 irq 1,12
[    0.652292] serio: i8042 KBD port at 0x60,0x64 irq 1
[    0.652706] serio: i8042 AUX port at 0x60,0x64 irq 12
[    0.654007] input: AT Translated Set 2 keyboard as /devices/platform/i8042/serio0/input/input3
[    0.655315] rtc_cmos rtc_cmos: registered as rtc0
[    0.655715] rtc_cmos rtc_cmos: alarms up to one day, 114 bytes nvram
[    0.656363] device-mapper: ioctl: 4.40.0-ioctl (2019-01-18) initialised: dm-devel@redhat.com
[    0.656895] intel_pstate: CPU model not supported
[    0.658389] Initializing XFRM netlink socket
[    0.658974] NET: Registered protocol family 10
[    0.659988] Segment Routing with IPv6
[    0.660801] sit: IPv6, IPv4 and MPLS over IPv4 tunneling driver
[    0.661363] NET: Registered protocol family 17
[    0.661728] Key type dns_resolver registered
[    0.662238] sched_clock: Marking stable (625283984, 36909313)->(765916927, -103723630)
[    0.663705] registered taskstats version 1
[    0.664228] Loading compiled-in X.509 certificates
[    0.664805] PM:   Magic number: 15:133:438
[    0.665139] printk: console [netcon0] enabled
[    0.665444] netconsole: network logging started
[    0.665754] cfg80211: Loading compiled-in X.509 certificates for regulatory database
[    0.667329] cfg80211: Loaded X.509 cert 'sforshee: 00b28ddf47aef9cea7'
[    0.667681] ALSA device list:
[    0.667957]   No soundcards found.
[    0.668279] platform regulatory.0: Direct firmware load for regulatory.db failed with error -2
[    0.668714] cfg80211: failed to load regulatory.db
[    0.869696] random: fast init done
[    0.870319] input: ImExPS/2 Generic Explorer Mouse as /devices/platform/i8042/serio1/input/input5
[    0.871344] md: Waiting for all devices to be available before autodetect
[    0.871728] md: If you don't use raid, use raid=noautodetect
[    0.872423] md: Autodetecting RAID arrays.
[    0.872747] md: autorun ...
[    0.873050] md: ... autorun DONE.
[    0.891680] EXT4-fs (sda3): mounted filesystem with ordered data mode. Opts: (null)
[    0.892212] VFS: Mounted root (ext4 filesystem) readonly on device 8:3.
[    0.908554] devtmpfs: mounted
[    0.909148] Freeing unused kernel image memory: 1276K
[    0.912620] Write protecting the kernel read-only data: 20480k
[    0.913553] Freeing unused kernel image memory: 2008K
[    0.914355] Freeing unused kernel image memory: 1176K
[    0.914728] Run /sbin/init as init process
[    1.105199] stty (111) used greatest stack depth: 13408 bytes left
[    1.305605] tsc: Refined TSC clocksource calibration: 2893.407 MHz
[    1.306036] clocksource: tsc: mask: 0xffffffffffffffff max_cycles: 0x29b4eef41a6, max_idle_ns: 440795231367 ns
[    1.306702] clocksource: Switched to clocksource tsc
[    1.386654] ip (163) used greatest stack depth: 12536 bytes left
[    1.467331] udevd[188]: starting version 3.2.7
[    1.538316] random: udevd: uninitialized urandom read (16 bytes read)
[    1.539533] random: udevd: uninitialized urandom read (16 bytes read)
[    1.540651] random: udevd: uninitialized urandom read (16 bytes read)
[    1.567271] udevd[189]: starting eudev-3.2.7
[    1.632606] e1000 0000:00:03.0 enp0s3: renamed from eth0
[    2.140407] Adding 2097148k swap on /dev/sda2.  Priority:1 extents:1 across:2097148k 
[    2.157390] EXT4-fs (sda3): re-mounted. Opts: (null)
[    2.219605] EXT4-fs (sda3): re-mounted. Opts: (null)
[    2.235417] EXT4-fs (sda1): mounting ext2 file system using the ext4 subsystem
[    2.245351] EXT4-fs (sda1): warning: mounting unchecked fs, running e2fsck is recommended
[    2.248562] EXT4-fs (sda1): mounted filesystem without journal. Opts: (null)
[    3.072929] random: crng init done
[    3.073237] random: 3 urandom warning(s) missed due to ratelimiting
[    3.174138] e1000: enp0s3 NIC Link is Up 1000 Mbps Full Duplex, Flow Control: RX
[    3.175203] IPv6: ADDRCONF(NETDEV_CHANGE): enp0s3: link becomes ready
