[    0.000000] Linux version 5.1.0-rc6-thor_kernel-00001-gd16ef9be6a14 (root@jye) (gcc version 8.2.0 (GCC)) #2 SMP Tue Apr 23 19:59:34 CEST 2019
[    0.000000] Command line: BOOT_IMAGE=/vmlinuz-5.1.0-rc6-jye root=/dev/sda3 ro
[    0.000000] x86/fpu: Supporting XSAVE feature 0x001: 'x87 floating point registers'
[    0.000000] x86/fpu: Supporting XSAVE feature 0x002: 'SSE registers'
[    0.000000] x86/fpu: Supporting XSAVE feature 0x004: 'AVX registers'
[    0.000000] x86/fpu: xstate_offset[2]:  576, xstate_sizes[2]:  256
[    0.000000] x86/fpu: Enabled xstate features 0x7, context size is 832 bytes, using 'standard' format.
[    0.000000] BIOS-provided physical RAM map:
[    0.000000] BIOS-e820: [mem 0x0000000000000000-0x000000000009fbff] usable
[    0.000000] BIOS-e820: [mem 0x000000000009fc00-0x000000000009ffff] reserved
[    0.000000] BIOS-e820: [mem 0x00000000000f0000-0x00000000000fffff] reserved
[    0.000000] BIOS-e820: [mem 0x0000000000100000-0x00000000dffeffff] usable
[    0.000000] BIOS-e820: [mem 0x00000000dfff0000-0x00000000dfffffff] ACPI data
[    0.000000] BIOS-e820: [mem 0x00000000fec00000-0x00000000fec00fff] reserved
[    0.000000] BIOS-e820: [mem 0x00000000fee00000-0x00000000fee00fff] reserved
[    0.000000] BIOS-e820: [mem 0x00000000fffc0000-0x00000000ffffffff] reserved
[    0.000000] BIOS-e820: [mem 0x0000000100000000-0x000000011fffffff] usable
[    0.000000] NX (Execute Disable) protection: active
[    0.000000] SMBIOS 2.5 present.
[    0.000000] DMI: innotek GmbH VirtualBox/VirtualBox, BIOS VirtualBox 12/01/2006
[    0.000000] tsc: Fast TSC calibration using PIT
[    0.000000] tsc: Detected 2893.413 MHz processor
[    0.001441] e820: update [mem 0x00000000-0x00000fff] usable ==> reserved
[    0.001444] e820: remove [mem 0x000a0000-0x000fffff] usable
[    0.001449] last_pfn = 0x120000 max_arch_pfn = 0x400000000
[    0.001459] MTRR default type: uncachable
[    0.001460] MTRR variable ranges disabled:
[    0.001462] Disabled
[    0.001464] x86/PAT: MTRRs disabled, skipping PAT initialization too.
[    0.001467] CPU MTRRs all blank - virtualized system.
[    0.001471] x86/PAT: Configuration [0-7]: WB  WT  UC- UC  WB  WT  UC- UC  
[    0.001475] last_pfn = 0xdfff0 max_arch_pfn = 0x400000000
[    0.001534] found SMP MP-table at [mem 0x0009fff0-0x0009ffff]
[    0.001549] check: Scanning 1 areas for low memory corruption
[    0.001574] BRK [0xd9001000, 0xd9001fff] PGTABLE
[    0.001577] BRK [0xd9002000, 0xd9002fff] PGTABLE
[    0.001579] BRK [0xd9003000, 0xd9003fff] PGTABLE
[    0.001594] BRK [0xd9004000, 0xd9004fff] PGTABLE
[    0.001597] BRK [0xd9005000, 0xd9005fff] PGTABLE
[    0.001917] ACPI: Early table checksum verification disabled
[    0.001922] ACPI: RSDP 0x00000000000E0000 000024 (v02 VBOX  )
[    0.001927] ACPI: XSDT 0x00000000DFFF0030 00003C (v01 VBOX   VBOXXSDT 00000001 ASL  00000061)
[    0.001934] ACPI: FACP 0x00000000DFFF00F0 0000F4 (v04 VBOX   VBOXFACP 00000001 ASL  00000061)
[    0.001942] ACPI: DSDT 0x00000000DFFF0480 0021FF (v02 VBOX   VBOXBIOS 00000002 INTL 20100528)
[    0.001947] ACPI: FACS 0x00000000DFFF0200 000040
[    0.001951] ACPI: FACS 0x00000000DFFF0200 000040
[    0.001955] ACPI: APIC 0x00000000DFFF0240 00006C (v02 VBOX   VBOXAPIC 00000001 ASL  00000061)
[    0.001960] ACPI: SSDT 0x00000000DFFF02B0 0001CC (v01 VBOX   VBOXCPUT 00000002 INTL 20100528)
[    0.001970] ACPI: Local APIC address 0xfee00000
[    0.002156] No NUMA configuration found
[    0.002158] Faking a node at [mem 0x0000000000000000-0x000000011fffffff]
[    0.002163] NODE_DATA(0) allocated [mem 0x11fff8000-0x11fffbfff]
[    0.002396] Zone ranges:
[    0.002398]   DMA      [mem 0x0000000000001000-0x0000000000ffffff]
[    0.002400]   DMA32    [mem 0x0000000001000000-0x00000000ffffffff]
[    0.002403]   Normal   [mem 0x0000000100000000-0x000000011fffffff]
[    0.002405] Movable zone start for each node
[    0.002406] Early memory node ranges
[    0.002408]   node   0: [mem 0x0000000000001000-0x000000000009efff]
[    0.002410]   node   0: [mem 0x0000000000100000-0x00000000dffeffff]
[    0.002412]   node   0: [mem 0x0000000100000000-0x000000011fffffff]
[    0.002901] Zeroed struct page in unavailable ranges: 114 pages
[    0.002903] Initmem setup node 0 [mem 0x0000000000001000-0x000000011fffffff]
[    0.002906] On node 0 totalpages: 1048462
[    0.002908]   DMA zone: 64 pages used for memmap
[    0.002910]   DMA zone: 21 pages reserved
[    0.002912]   DMA zone: 3998 pages, LIFO batch:0
[    0.002995]   DMA32 zone: 14272 pages used for memmap
[    0.002997]   DMA32 zone: 913392 pages, LIFO batch:63
[    0.027185]   Normal zone: 2048 pages used for memmap
[    0.027188]   Normal zone: 131072 pages, LIFO batch:31
[    0.031076] ACPI: PM-Timer IO Port: 0x4008
[    0.031082] ACPI: Local APIC address 0xfee00000
[    0.031136] IOAPIC[0]: apic_id 4, version 32, address 0xfec00000, GSI 0-23
[    0.031141] ACPI: INT_SRC_OVR (bus 0 bus_irq 0 global_irq 2 dfl dfl)
[    0.031144] ACPI: INT_SRC_OVR (bus 0 bus_irq 9 global_irq 9 low level)
[    0.031147] ACPI: IRQ0 used by override.
[    0.031149] ACPI: IRQ9 used by override.
[    0.031153] Using ACPI (MADT) for SMP configuration information
[    0.031161] smpboot: Allowing 4 CPUs, 0 hotplug CPUs
[    0.031173] PM: Registered nosave memory: [mem 0x00000000-0x00000fff]
[    0.031176] PM: Registered nosave memory: [mem 0x0009f000-0x0009ffff]
[    0.031178] PM: Registered nosave memory: [mem 0x000a0000-0x000effff]
[    0.031180] PM: Registered nosave memory: [mem 0x000f0000-0x000fffff]
[    0.031182] PM: Registered nosave memory: [mem 0xdfff0000-0xdfffffff]
[    0.031184] PM: Registered nosave memory: [mem 0xe0000000-0xfebfffff]
[    0.031186] PM: Registered nosave memory: [mem 0xfec00000-0xfec00fff]
[    0.031187] PM: Registered nosave memory: [mem 0xfec01000-0xfedfffff]
[    0.031189] PM: Registered nosave memory: [mem 0xfee00000-0xfee00fff]
[    0.031191] PM: Registered nosave memory: [mem 0xfee01000-0xfffbffff]
[    0.031193] PM: Registered nosave memory: [mem 0xfffc0000-0xffffffff]
[    0.031196] [mem 0xe0000000-0xfebfffff] available for PCI devices
[    0.031200] clocksource: refined-jiffies: mask: 0xffffffff max_cycles: 0xffffffff, max_idle_ns: 1910969940391419 ns
[    0.130113] random: get_random_bytes called from start_kernel+0x8c/0x487 with crng_init=0
[    0.130124] setup_percpu: NR_CPUS:64 nr_cpumask_bits:64 nr_cpu_ids:4 nr_node_ids:1
[    0.130506] percpu: Embedded 43 pages/cpu s138136 r8192 d29800 u524288
[    0.130512] pcpu-alloc: s138136 r8192 d29800 u524288 alloc=1*2097152
[    0.130514] pcpu-alloc: [0] 0 1 2 3 
[    0.130529] Built 1 zonelists, mobility grouping on.  Total pages: 1032057
[    0.130532] Policy zone: Normal
[    0.130535] Kernel command line: BOOT_IMAGE=/vmlinuz-5.1.0-rc6-jye root=/dev/sda3 ro
[    0.139930] Calgary: detecting Calgary via BIOS EBDA area
[    0.139937] Calgary: Unable to locate Rio Grande table in EBDA - bailing!
[    0.148468] Memory: 4032760K/4193848K available (14340K kernel code, 1310K rwdata, 3072K rodata, 1264K init, 1384K bss, 161088K reserved, 0K cma-reserved)
[    0.148758] SLUB: HWalign=64, Order=0-3, MinObjects=0, CPUs=4, Nodes=1
[    0.148763] Kernel/User page tables isolation: enabled
[    0.149055] rcu: Hierarchical RCU implementation.
[    0.149057] rcu: 	RCU event tracing is enabled.
[    0.149059] rcu: 	RCU restricting CPUs from NR_CPUS=64 to nr_cpu_ids=4.
[    0.149061] rcu: RCU calculated value of scheduler-enlistment delay is 100 jiffies.
[    0.149063] rcu: Adjusting geometry for rcu_fanout_leaf=16, nr_cpu_ids=4
[    0.149208] NR_IRQS: 4352, nr_irqs: 456, preallocated irqs: 16
[    0.155927] Console: colour VGA+ 80x25
[    0.189494] printk: console [tty0] enabled
[    0.189917] ACPI: Core revision 20190215
[    0.190493] APIC: Switch to symmetric I/O mode setup
[    0.192516] ..TIMER: vector=0x30 apic1=0 pin1=2 apic2=-1 pin2=-1
[    0.197336] clocksource: tsc-early: mask: 0xffffffffffffffff max_cycles: 0x29b4f4e6212, max_idle_ns: 440795336021 ns
[    0.197932] Calibrating delay loop (skipped), value calculated using timer frequency.. 5786.82 BogoMIPS (lpj=2893413)
[    0.198921] pid_max: default: 32768 minimum: 301
[    0.199272] LSM: Security Framework initializing
[    0.199588] SELinux:  Initializing.
[    0.199931] *** VALIDATE SELinux ***
[    0.200890] Dentry cache hash table entries: 524288 (order: 10, 4194304 bytes)
[    0.201781] Inode-cache hash table entries: 262144 (order: 9, 2097152 bytes)
[    0.201933] Mount-cache hash table entries: 8192 (order: 4, 65536 bytes)
[    0.202300] Mountpoint-cache hash table entries: 8192 (order: 4, 65536 bytes)
[    0.202777] *** VALIDATE proc ***
[    0.202943] *** VALIDATE cgroup1 ***
[    0.203921] *** VALIDATE cgroup2 ***
[    0.204264] mce: CPU supports 0 MCE banks
[    0.204578] Last level iTLB entries: 4KB 512, 2MB 8, 4MB 8
[    0.204921] Last level dTLB entries: 4KB 512, 2MB 32, 4MB 32, 1GB 0
[    0.205271] Spectre V2 : Mitigation: Full generic retpoline
[    0.205604] Spectre V2 : Spectre v2 / SpectreRSB mitigation: Filling RSB on context switch
[    0.205921] Speculative Store Bypass: Vulnerable
[    0.206377] Freeing SMP alternatives memory: 40K
[    0.207915] smpboot: CPU0: Intel(R) Core(TM) i5-3470S CPU @ 2.90GHz (family: 0x6, model: 0x3a, stepping: 0x9)
[    0.208067] Performance Events: unsupported p6 CPU model 58 no PMU driver, software events only.
[    0.208584] rcu: Hierarchical SRCU implementation.
[    0.209071] smp: Bringing up secondary CPUs ...
[    0.209489] x86: Booting SMP configuration:
[    0.209773] .... node  #0, CPUs:      #1
[    0.041561] mce: CPU supports 0 MCE banks
[    0.211058]  #2
[    0.041561] mce: CPU supports 0 MCE banks
[    0.213067]  #3
[    0.041561] mce: CPU supports 0 MCE banks
[    0.213938] smp: Brought up 1 node, 4 CPUs
[    0.216922] smpboot: Max logical packages: 1
[    0.217252] smpboot: Total of 4 processors activated (23147.30 BogoMIPS)
[    0.218239] devtmpfs: initialized
[    0.219251] clocksource: jiffies: mask: 0xffffffff max_cycles: 0xffffffff, max_idle_ns: 1911260446275000 ns
[    0.219119] kworker/u8:0 (31) used greatest stack depth: 14560 bytes left
[    0.219933] futex hash table entries: 1024 (order: 4, 65536 bytes)
[    0.220968] PM: RTC time: 18:06:22, date: 2019-04-23
[    0.221550] NET: Registered protocol family 16
[    0.221964] audit: initializing netlink subsys (disabled)
[    0.222300] kworker/u8:1 (34) used greatest stack depth: 14216 bytes left
[    0.222300] audit: type=2000 audit(1556042782.032:1): state=initialized audit_enabled=0 res=1
[    0.223701] cpuidle: using governor menu
[    0.223962] ACPI: bus type PCI registered
[    0.224443] PCI: Using configuration type 1 for base access
[    0.231555] HugeTLB registered 2.00 MiB page size, pre-allocated 0 pages
[    0.232037] ACPI: Added _OSI(Module Device)
[    0.232923] ACPI: Added _OSI(Processor Device)
[    0.233207] ACPI: Added _OSI(3.0 _SCP Extensions)
[    0.233543] ACPI: Added _OSI(Processor Aggregator Device)
[    0.233951] ACPI: Added _OSI(Linux-Dell-Video)
[    0.234229] ACPI: Added _OSI(Linux-Lenovo-NV-HDMI-Audio)
[    0.234516] ACPI: Added _OSI(Linux-HPI-Hybrid-Graphics)
[    0.236169] ACPI: 2 ACPI AML tables successfully acquired and loaded
[    0.238013] ACPI: Interpreter enabled
[    0.238013] ACPI: (supports S0 S5)
[    0.238225] ACPI: Using IOAPIC for interrupt routing
[    0.238982] PCI: Using host bridge windows from ACPI; if necessary, use "pci=nocrs" and report a bug
[    0.239667] ACPI: Enabled 2 GPEs in block 00 to 07
[    0.244358] ACPI: PCI Root Bridge [PCI0] (domain 0000 [bus 00-ff])
[    0.244695] acpi PNP0A03:00: _OSC: OS supports [ASPM ClockPM Segments MSI]
[    0.244936] acpi PNP0A03:00: _OSC: not requesting OS control; OS requires [ExtendedConfig ASPM ClockPM MSI]
[    0.245524] acpi PNP0A03:00: fail to add MMCONFIG information, can't access extended PCI configuration space under this bridge.
[    0.246027] PCI host bridge to bus 0000:00
[    0.246420] pci_bus 0000:00: root bus resource [io  0x0000-0x0cf7 window]
[    0.246922] pci_bus 0000:00: root bus resource [io  0x0d00-0xffff window]
[    0.247254] pci_bus 0000:00: root bus resource [mem 0x000a0000-0x000bffff window]
[    0.247921] pci_bus 0000:00: root bus resource [mem 0xe0000000-0xfdffffff window]
[    0.248922] pci_bus 0000:00: root bus resource [bus 00-ff]
[    0.249262] pci 0000:00:00.0: [8086:1237] type 00 class 0x060000
[    0.250102] pci 0000:00:01.0: [8086:7000] type 00 class 0x060100
[    0.250985] pci 0000:00:01.1: [8086:7111] type 00 class 0x01018a
[    0.251472] pci 0000:00:01.1: reg 0x20: [io  0xd000-0xd00f]
[    0.251754] pci 0000:00:01.1: legacy IDE quirk: reg 0x10: [io  0x01f0-0x01f7]
[    0.251922] pci 0000:00:01.1: legacy IDE quirk: reg 0x14: [io  0x03f6]
[    0.252283] pci 0000:00:01.1: legacy IDE quirk: reg 0x18: [io  0x0170-0x0177]
[    0.252921] pci 0000:00:01.1: legacy IDE quirk: reg 0x1c: [io  0x0376]
[    0.253515] pci 0000:00:02.0: [80ee:beef] type 00 class 0x030000
[    0.255952] pci 0000:00:02.0: reg 0x10: [mem 0xe0000000-0xe0ffffff pref]
[    0.268578] pci 0000:00:03.0: [8086:100e] type 00 class 0x020000
[    0.270216] pci 0000:00:03.0: reg 0x10: [mem 0xf0000000-0xf001ffff]
[    0.275010] pci 0000:00:03.0: reg 0x18: [io  0xd010-0xd017]
[    0.284362] pci 0000:00:04.0: [80ee:cafe] type 00 class 0x088000
[    0.285054] pci 0000:00:04.0: reg 0x10: [io  0xd020-0xd03f]
[    0.287943] pci 0000:00:04.0: reg 0x14: [mem 0xf0400000-0xf07fffff]
[    0.290221] pci 0000:00:04.0: reg 0x18: [mem 0xf0800000-0xf0803fff pref]
[    0.299134] pci 0000:00:05.0: [8086:2415] type 00 class 0x040100
[    0.299295] pci 0000:00:05.0: reg 0x10: [io  0xd100-0xd1ff]
[    0.299375] pci 0000:00:05.0: reg 0x14: [io  0xd200-0xd23f]
[    0.300141] pci 0000:00:06.0: [106b:003f] type 00 class 0x0c0310
[    0.302344] pci 0000:00:06.0: reg 0x10: [mem 0xf0804000-0xf0804fff]
[    0.313922] pci 0000:00:07.0: [8086:7113] type 00 class 0x068000
[    0.315062] pci 0000:00:07.0: quirk: [io  0x4000-0x403f] claimed by PIIX4 ACPI
[    0.315515] pci 0000:00:07.0: quirk: [io  0x4100-0x410f] claimed by PIIX4 SMB
[    0.316225] pci 0000:00:0b.0: [8086:265c] type 00 class 0x0c0320
[    0.318021] pci 0000:00:0b.0: reg 0x10: [mem 0xf0805000-0xf0805fff]
[    0.330609] pci 0000:00:0d.0: [8086:2829] type 00 class 0x010601
[    0.333073] pci 0000:00:0d.0: reg 0x10: [io  0xd240-0xd247]
[    0.333718] pci 0000:00:0d.0: reg 0x14: [io  0xd248-0xd24b]
[    0.335957] pci 0000:00:0d.0: reg 0x18: [io  0xd250-0xd257]
[    0.338062] pci 0000:00:0d.0: reg 0x1c: [io  0xd258-0xd25b]
[    0.340172] pci 0000:00:0d.0: reg 0x20: [io  0xd260-0xd26f]
[    0.343066] pci 0000:00:0d.0: reg 0x24: [mem 0xf0806000-0xf0807fff]
[    0.346326] ACPI: PCI Interrupt Link [LNKA] (IRQs 5 9 10 *11)
[    0.346946] ACPI: PCI Interrupt Link [LNKB] (IRQs 5 9 *10 11)
[    0.347360] ACPI: PCI Interrupt Link [LNKC] (IRQs 5 *9 10 11)
[    0.347863] ACPI: PCI Interrupt Link [LNKD] (IRQs 5 9 10 *11)
[    0.348983] pci 0000:00:02.0: vgaarb: setting as boot VGA device
[    0.349322] pci 0000:00:02.0: vgaarb: VGA device added: decodes=io+mem,owns=io+mem,locks=none
[    0.349322] pci 0000:00:02.0: vgaarb: bridge control possible
[    0.349921] vgaarb: loaded
[    0.350257] SCSI subsystem initialized
[    0.350975] libata version 3.00 loaded.
[    0.351028] ACPI: bus type USB registered
[    0.351421] usbcore: registered new interface driver usbfs
[    0.351882] usbcore: registered new interface driver hub
[    0.351981] usbcore: registered new device driver usb
[    0.352987] pps_core: LinuxPPS API ver. 1 registered
[    0.353360] pps_core: Software ver. 5.3.6 - Copyright 2005-2007 Rodolfo Giometti <giometti@linux.it>
[    0.353945] PTP clock support registered
[    0.354302] EDAC MC: Ver: 3.0.0
[    0.355290] Advanced Linux Sound Architecture Driver Initialized.
[    0.355975] PCI: Using ACPI for IRQ routing
[    0.356312] PCI: pci_cache_line_size set to 64 bytes
[    0.356618] e820: reserve RAM buffer [mem 0x0009fc00-0x0009ffff]
[    0.356624] e820: reserve RAM buffer [mem 0xdfff0000-0xdfffffff]
[    0.356952] NetLabel: Initializing
[    0.357362] NetLabel:  domain hash size = 128
[    0.357737] NetLabel:  protocols = UNLABELED CIPSOv4 CALIPSO
[    0.357935] NetLabel:  unlabeled traffic allowed by default
[    0.358931] clocksource: Switched to clocksource tsc-early
[    0.422133] VFS: Disk quotas dquot_6.6.0
[    0.422477] VFS: Dquot-cache hash table entries: 512 (order 0, 4096 bytes)
[    0.422977] *** VALIDATE hugetlbfs ***
[    0.423306] pnp: PnP ACPI init
[    0.423746] pnp 00:00: Plug and Play ACPI device, IDs PNP0303 (active)
[    0.423811] pnp 00:01: Plug and Play ACPI device, IDs PNP0f03 (active)
[    0.424416] pnp: PnP ACPI: found 2 devices
[    0.439190] clocksource: acpi_pm: mask: 0xffffff max_cycles: 0xffffff, max_idle_ns: 2085701024 ns
[    0.439661] pci_bus 0000:00: resource 4 [io  0x0000-0x0cf7 window]
[    0.439663] pci_bus 0000:00: resource 5 [io  0x0d00-0xffff window]
[    0.439665] pci_bus 0000:00: resource 6 [mem 0x000a0000-0x000bffff window]
[    0.439667] pci_bus 0000:00: resource 7 [mem 0xe0000000-0xfdffffff window]
[    0.439714] NET: Registered protocol family 2
[    0.440258] tcp_listen_portaddr_hash hash table entries: 2048 (order: 3, 32768 bytes)
[    0.440810] TCP established hash table entries: 32768 (order: 6, 262144 bytes)
[    0.441328] TCP bind hash table entries: 32768 (order: 7, 524288 bytes)
[    0.441807] TCP: Hash tables configured (established 32768 bind 32768)
[    0.442226] UDP hash table entries: 2048 (order: 4, 65536 bytes)
[    0.442642] UDP-Lite hash table entries: 2048 (order: 4, 65536 bytes)
[    0.443016] NET: Registered protocol family 1
[    0.443868] RPC: Registered named UNIX socket transport module.
[    0.444191] RPC: Registered udp transport module.
[    0.444600] RPC: Registered tcp transport module.
[    0.444924] RPC: Registered tcp NFSv4.1 backchannel transport module.
[    0.445654] pci 0000:00:00.0: Limiting direct PCI/PCI transfers
[    0.446038] pci 0000:00:01.0: Activating ISA DMA hang workarounds
[    0.446401] pci 0000:00:02.0: Video device with shadowed ROM at [mem 0x000c0000-0x000dffff]
[    0.448744] PCI: CLS 0 bytes, default 64
[    0.448778] PCI-DMA: Using software bounce buffering for IO (SWIOTLB)
[    0.449172] software IO TLB: mapped [mem 0xdbff0000-0xdfff0000] (64MB)
[    0.449936] RAPL PMU: API unit is 2^-32 Joules, 3 fixed counters, 10737418240 ms ovfl timer
[    0.450404] RAPL PMU: hw unit of domain pp0-core 2^-0 Joules
[    0.450863] RAPL PMU: hw unit of domain package 2^-0 Joules
[    0.451159] RAPL PMU: hw unit of domain pp1-gpu 2^-0 Joules
[    0.451656] platform rtc_cmos: registered platform RTC device (no PNP device found)
[    0.454021] check: Scanning for low memory corruption every 60 seconds
[    0.455082] Initialise system trusted keyrings
[    0.455631] workingset: timestamp_bits=56 max_order=20 bucket_order=0
[    0.458578] NFS: Registering the id_resolver key type
[    0.458952] Key type id_resolver registered
[    0.459235] Key type id_legacy registered
[    0.469586] Key type asymmetric registered
[    0.469889] Asymmetric key parser 'x509' registered
[    0.470210] Block layer SCSI generic (bsg) driver version 0.4 loaded (major 251)
[    0.470792] io scheduler mq-deadline registered
[    0.471106] io scheduler kyber registered
[    0.472084] ACPI: AC Adapter [AC] (on-line)
[    0.472470] input: Power Button as /devices/LNXSYSTM:00/LNXPWRBN:00/input/input0
[    0.473150] ACPI: Power Button [PWRF]
[    0.473589] input: Sleep Button as /devices/LNXSYSTM:00/LNXSLPBN:00/input/input1
[    0.474129] ACPI: Sleep Button [SLPF]
[    0.474590] ACPI: Video Device [GFX0] (multi-head: yes  rom: no  post: no)
[    0.475169] input: Video Bus as /devices/LNXSYSTM:00/LNXSYBUS:00/PNP0A03:00/LNXVIDEO:00/input/input2
[    0.476264] Serial: 8250/16550 driver, 4 ports, IRQ sharing enabled
[    0.477782] Non-volatile memory driver v1.3
[    0.478208] Linux agpgart interface v0.103
[    0.482123] loop: module loaded
[    0.482491] ahci 0000:00:0d.0: version 3.0
[    0.483254] ahci 0000:00:0d.0: SSS flag set, parallel bus scan disabled
[    0.484112] ahci 0000:00:0d.0: AHCI 0001.0100 32 slots 1 ports 3 Gbps 0x1 impl SATA mode
[    0.484574] ahci 0000:00:0d.0: flags: 64bit ncq stag only ccc 
[    0.485470] scsi host0: ahci
[    0.485867] ata1: SATA max UDMA/133 abar m8192@0xf0806000 port 0xf0806100 irq 21
[    0.486575] ata_piix 0000:00:01.1: version 2.13
[    0.487781] scsi host1: ata_piix
[    0.488423] scsi host2: ata_piix
[    0.488794] ata2: PATA max UDMA/33 cmd 0x1f0 ctl 0x3f6 bmdma 0xd000 irq 14
[    0.489184] ata3: PATA max UDMA/33 cmd 0x170 ctl 0x376 bmdma 0xd008 irq 15
[    0.489773] e100: Intel(R) PRO/100 Network Driver, 3.5.24-k2-NAPI
[    0.490187] e100: Copyright(c) 1999-2006 Intel Corporation
[    0.490724] e1000: Intel(R) PRO/1000 Network Driver - version 7.3.21-k8-NAPI
[    0.491179] e1000: Copyright (c) 1999-2006 Intel Corporation.
[    0.645244] ata3.00: ATAPI: VBOX CD-ROM, 1.0, max UDMA/133
[    0.795156] ata1: SATA link up 3.0 Gbps (SStatus 123 SControl 300)
[    0.795885] ata1.00: ATA-6: VBOX HARDDISK, 1.0, max UDMA/133
[    0.796314] ata1.00: 33554432 sectors, multi 128: LBA48 NCQ (depth 32)
[    0.797138] ata1.00: configured for UDMA/133
[    0.797967] scsi 0:0:0:0: Direct-Access     ATA      VBOX HARDDISK    1.0  PQ: 0 ANSI: 5
[    0.798927] sd 0:0:0:0: Attached scsi generic sg0 type 0
[    0.798929] sd 0:0:0:0: [sda] 33554432 512-byte logical blocks: (17.2 GB/16.0 GiB)
[    0.798953] sd 0:0:0:0: [sda] Write Protect is off
[    0.800481] sd 0:0:0:0: [sda] Mode Sense: 00 3a 00 00
[    0.800690] sd 0:0:0:0: [sda] Write cache: enabled, read cache: enabled, doesn't support DPO or FUA
[    0.801390] scsi 2:0:0:0: CD-ROM            VBOX     CD-ROM           1.0  PQ: 0 ANSI: 5
[    0.805192]  sda: sda1 sda2 sda3
[    0.806250] sd 0:0:0:0: [sda] Attached SCSI disk
[    0.830182] sr 2:0:0:0: [sr0] scsi3-mmc drive: 32x/32x xa/form2 tray
[    0.830698] cdrom: Uniform CD-ROM driver Revision: 3.20
[    0.831392] sr 2:0:0:0: Attached scsi CD-ROM sr0
[    0.831672] sr 2:0:0:0: Attached scsi generic sg1 type 5
[    0.855808] e1000 0000:00:03.0 eth0: (PCI:33MHz:32-bit) 08:00:27:3d:d4:d9
[    0.856266] e1000 0000:00:03.0 eth0: Intel(R) PRO/1000 Network Connection
[    0.856679] e1000e: Intel(R) PRO/1000 Network Driver - 3.2.6-k
[    0.857126] e1000e: Copyright(c) 1999 - 2015 Intel Corporation.
[    0.857577] sky2: driver version 1.30
[    0.858090] ehci_hcd: USB 2.0 'Enhanced' Host Controller (EHCI) Driver
[    0.858544] ehci-pci: EHCI PCI platform driver
[    0.859243] ehci-pci 0000:00:0b.0: EHCI Host Controller
[    0.859862] ehci-pci 0000:00:0b.0: new USB bus registered, assigned bus number 1
[    0.860742] ehci-pci 0000:00:0b.0: irq 19, io mem 0xf0805000
[    0.868585] ehci-pci 0000:00:0b.0: USB 2.0 started, EHCI 1.00
[    0.869373] usb usb1: New USB device found, idVendor=1d6b, idProduct=0002, bcdDevice= 5.01
[    0.869857] usb usb1: New USB device strings: Mfr=3, Product=2, SerialNumber=1
[    0.870388] usb usb1: Product: EHCI Host Controller
[    0.870702] usb usb1: Manufacturer: Linux 5.1.0-rc6-thor_kernel-00001-gd16ef9be6a14 ehci_hcd
[    0.871246] usb usb1: SerialNumber: 0000:00:0b.0
[    0.871831] hub 1-0:1.0: USB hub found
[    0.872537] hub 1-0:1.0: 12 ports detected
[    0.873373] ohci_hcd: USB 1.1 'Open' Host Controller (OHCI) Driver
[    0.873862] ohci-pci: OHCI PCI platform driver
[    0.874690] ohci-pci 0000:00:06.0: OHCI PCI host controller
[    0.875248] ohci-pci 0000:00:06.0: new USB bus registered, assigned bus number 2
[    0.875853] ohci-pci 0000:00:06.0: irq 22, io mem 0xf0804000
[    0.929345] usb usb2: New USB device found, idVendor=1d6b, idProduct=0001, bcdDevice= 5.01
[    0.929807] usb usb2: New USB device strings: Mfr=3, Product=2, SerialNumber=1
[    0.930343] usb usb2: Product: OHCI PCI host controller
[    0.930680] usb usb2: Manufacturer: Linux 5.1.0-rc6-thor_kernel-00001-gd16ef9be6a14 ohci_hcd
[    0.931231] usb usb2: SerialNumber: 0000:00:06.0
[    0.931824] hub 2-0:1.0: USB hub found
[    0.932220] hub 2-0:1.0: 12 ports detected
[    0.933392] uhci_hcd: USB Universal Host Controller Interface driver
[    0.933842] usbcore: registered new interface driver usblp
[    0.934460] usbcore: registered new interface driver usb-storage
[    0.934917] i8042: PNP: PS/2 Controller [PNP0303:PS2K,PNP0f03:PS2M] at 0x60,0x64 irq 1,12
[    0.936468] serio: i8042 KBD port at 0x60,0x64 irq 1
[    0.936911] serio: i8042 AUX port at 0x60,0x64 irq 12
[    0.938878] input: AT Translated Set 2 keyboard as /devices/platform/i8042/serio0/input/input3
[    0.939769] rtc_cmos rtc_cmos: registered as rtc0
[    0.940191] rtc_cmos rtc_cmos: alarms up to one day, 114 bytes nvram
[    0.941242] device-mapper: ioctl: 4.40.0-ioctl (2019-01-18) initialised: dm-devel@redhat.com
[    0.942394] intel_pstate: CPU model not supported
[    0.942915] hidraw: raw HID events driver (C) Jiri Kosina
[    0.944897] usbcore: registered new interface driver usbhid
[    0.945291] usbhid: USB HID core driver
[    0.947094] Initializing XFRM netlink socket
[    0.947879] NET: Registered protocol family 10
[    0.948689] Segment Routing with IPv6
[    0.949488] sit: IPv6, IPv4 and MPLS over IPv4 tunneling driver
[    0.950110] NET: Registered protocol family 17
[    0.950419] Key type dns_resolver registered
[    0.951382] sched_clock: Marking stable (910705225, 40561254)->(1061245741, -109979262)
[    0.953434] registered taskstats version 1
[    0.953735] Loading compiled-in X.509 certificates
[    0.954360] PM:   Magic number: 15:689:140
[    0.954723] printk: console [netcon0] enabled
[    0.955024] netconsole: network logging started
[    0.955389] cfg80211: Loading compiled-in X.509 certificates for regulatory database
[    0.956741] cfg80211: Loaded X.509 cert 'sforshee: 00b28ddf47aef9cea7'
[    0.957243] ALSA device list:
[    0.957521]   No soundcards found.
[    0.957967] platform regulatory.0: Direct firmware load for regulatory.db failed with error -2
[    0.958445] cfg80211: failed to load regulatory.db
[    1.152971] random: fast init done
[    1.153734] input: ImExPS/2 Generic Explorer Mouse as /devices/platform/i8042/serio1/input/input5
[    1.154584] md: Waiting for all devices to be available before autodetect
[    1.155011] md: If you don't use raid, use raid=noautodetect
[    1.155674] md: Autodetecting RAID arrays.
[    1.155984] md: autorun ...
[    1.156283] md: ... autorun DONE.
[    1.181666] EXT4-fs (sda3): mounted filesystem with ordered data mode. Opts: (null)
[    1.182302] VFS: Mounted root (ext4 filesystem) readonly on device 8:3.
[    1.186764] devtmpfs: mounted
[    1.187844] Freeing unused kernel image memory: 1264K
[    1.190556] Write protecting the kernel read-only data: 20480k
[    1.191803] Freeing unused kernel image memory: 2008K
[    1.192703] Freeing unused kernel image memory: 1024K
[    1.193327] Run /sbin/init as init process
[    1.316035] usb 2-1: new full-speed USB device number 2 using ohci-pci
[    1.503168] tsc: Refined TSC clocksource calibration: 2893.407 MHz
[    1.503574] clocksource: tsc: mask: 0xffffffffffffffff max_cycles: 0x29b4eef41a6, max_idle_ns: 440795231367 ns
[    1.506800] clocksource: Switched to clocksource tsc
[    1.582055] stty (1124) used greatest stack depth: 13856 bytes left
[    1.608051] usb 2-1: New USB device found, idVendor=80ee, idProduct=0021, bcdDevice= 1.00
[    1.608610] usb 2-1: New USB device strings: Mfr=1, Product=3, SerialNumber=0
[    1.609241] usb 2-1: Product: USB Tablet
[    1.609641] usb 2-1: Manufacturer: VirtualBox
[    1.621225] input: VirtualBox USB Tablet as /devices/pci0000:00/0000:00:06.0/usb2/2-1/2-1:1.0/0003:80EE:0021.0001/input/input6
[    1.622284] hid-generic 0003:80EE:0021.0001: input,hidraw0: USB HID v1.10 Mouse [VirtualBox USB Tablet] on usb-0000:00:06.0-1/input0
[    1.683085] dmesg (1125) used greatest stack depth: 13848 bytes left
[    1.853891] date (1148) used greatest stack depth: 13832 bytes left
[    2.046333] ip (1184) used greatest stack depth: 13720 bytes left
[    2.047583] ip (1185) used greatest stack depth: 12632 bytes left
[    2.104424] udevd[1210]: starting version 3.2.7
[    2.145801] random: udevd: uninitialized urandom read (16 bytes read)
[    2.148520] random: udevd: uninitialized urandom read (16 bytes read)
[    2.150245] random: udevd: uninitialized urandom read (16 bytes read)
[    2.205141] udevd[1211]: starting eudev-3.2.7
[    2.292573] e1000 0000:00:03.0 enp0s3: renamed from eth0
[    2.884466] Adding 3145724k swap on /dev/sda2.  Priority:1 extents:1 across:3145724k 
[    2.903153] EXT4-fs (sda3): re-mounted. Opts: (null)
[    2.948231] random: crng init done
[    2.948537] random: 4 urandom warning(s) missed due to ratelimiting
[    2.962775] EXT4-fs (sda3): re-mounted. Opts: (null)
[    4.155526] ip (2257) used greatest stack depth: 12600 bytes left
[    4.156727] e1000: enp0s3 NIC Link is Up 1000 Mbps Full Duplex, Flow Control: RX
[    4.157558] IPv6: ADDRCONF(NETDEV_CHANGE): enp0s3: link becomes ready
[   13.548096] hrtimer: interrupt took 3661020 ns
