[    0.000000] Linux version 5.1.0-rc7 (root@agrumbac) (gcc version 8.2.0 (GCC)) #1 SMP Mon Apr 29 14:22:47 UTC 2019
[    0.000000] Command line: BOOT_IMAGE=/vmlinuz-v5.1-rc7-agrumbac root=/dev/sda3 ro
[    0.000000] x86/fpu: Supporting XSAVE feature 0x001: 'x87 floating point registers'
[    0.000000] x86/fpu: Supporting XSAVE feature 0x002: 'SSE registers'
[    0.000000] x86/fpu: Supporting XSAVE feature 0x004: 'AVX registers'
[    0.000000] x86/fpu: xstate_offset[2]:  576, xstate_sizes[2]:  256
[    0.000000] x86/fpu: Enabled xstate features 0x7, context size is 832 bytes, using 'standard' format.
[    0.000000] BIOS-provided physical RAM map:
[    0.000000] BIOS-e820: [mem 0x0000000000000000-0x000000000009fbff] usable
[    0.000000] BIOS-e820: [mem 0x000000000009fc00-0x000000000009ffff] reserved
[    0.000000] BIOS-e820: [mem 0x00000000000f0000-0x00000000000fffff] reserved
[    0.000000] BIOS-e820: [mem 0x0000000000100000-0x000000007ffeffff] usable
[    0.000000] BIOS-e820: [mem 0x000000007fff0000-0x000000007fffffff] ACPI data
[    0.000000] BIOS-e820: [mem 0x00000000fec00000-0x00000000fec00fff] reserved
[    0.000000] BIOS-e820: [mem 0x00000000fee00000-0x00000000fee00fff] reserved
[    0.000000] BIOS-e820: [mem 0x00000000fffc0000-0x00000000ffffffff] reserved
[    0.000000] NX (Execute Disable) protection: active
[    0.000000] SMBIOS 2.5 present.
[    0.000000] DMI: innotek GmbH VirtualBox/VirtualBox, BIOS VirtualBox 12/01/2006
[    0.000000] e820: update [mem 0x00000000-0x00000fff] usable ==> reserved
[    0.000000] e820: remove [mem 0x000a0000-0x000fffff] usable
[    0.000000] last_pfn = 0x7fff0 max_arch_pfn = 0x400000000
[    0.000000] MTRR default type: uncachable
[    0.000000] MTRR variable ranges disabled:
[    0.000000] Disabled
[    0.000000] x86/PAT: MTRRs disabled, skipping PAT initialization too.
[    0.000000] CPU MTRRs all blank - virtualized system.
[    0.000000] x86/PAT: Configuration [0-7]: WB  WT  UC- UC  WB  WT  UC- UC  
[    0.000000] found SMP MP-table at [mem 0x0009fff0-0x0009ffff]
[    0.000000] check: Scanning 1 areas for low memory corruption
[    0.000000] BRK [0x52201000, 0x52201fff] PGTABLE
[    0.000000] BRK [0x52202000, 0x52202fff] PGTABLE
[    0.000000] BRK [0x52203000, 0x52203fff] PGTABLE
[    0.000000] BRK [0x52204000, 0x52204fff] PGTABLE
[    0.000000] BRK [0x52205000, 0x52205fff] PGTABLE
[    0.000000] BRK [0x52206000, 0x52206fff] PGTABLE
[    0.000000] ACPI: Early table checksum verification disabled
[    0.000000] ACPI: RSDP 0x00000000000E0000 000024 (v02 VBOX  )
[    0.000000] ACPI: XSDT 0x000000007FFF0030 00003C (v01 VBOX   VBOXXSDT 00000001 ASL  00000061)
[    0.000000] ACPI: FACP 0x000000007FFF00F0 0000F4 (v04 VBOX   VBOXFACP 00000001 ASL  00000061)
[    0.000000] ACPI: DSDT 0x000000007FFF0470 0021FF (v02 VBOX   VBOXBIOS 00000002 INTL 20100528)
[    0.000000] ACPI: FACS 0x000000007FFF0200 000040
[    0.000000] ACPI: FACS 0x000000007FFF0200 000040
[    0.000000] ACPI: APIC 0x000000007FFF0240 00005C (v02 VBOX   VBOXAPIC 00000001 ASL  00000061)
[    0.000000] ACPI: SSDT 0x000000007FFF02A0 0001CC (v01 VBOX   VBOXCPUT 00000002 INTL 20100528)
[    0.000000] ACPI: Local APIC address 0xfee00000
[    0.000000] No NUMA configuration found
[    0.000000] Faking a node at [mem 0x0000000000000000-0x000000007ffeffff]
[    0.000000] NODE_DATA(0) allocated [mem 0x7ffec000-0x7ffeffff]
[    0.000000] Zone ranges:
[    0.000000]   DMA      [mem 0x0000000000001000-0x0000000000ffffff]
[    0.000000]   DMA32    [mem 0x0000000001000000-0x000000007ffeffff]
[    0.000000]   Normal   empty
[    0.000000] Movable zone start for each node
[    0.000000] Early memory node ranges
[    0.000000]   node   0: [mem 0x0000000000001000-0x000000000009efff]
[    0.000000]   node   0: [mem 0x0000000000100000-0x000000007ffeffff]
[    0.000000] Zeroed struct page in unavailable ranges: 98 pages
[    0.000000] Initmem setup node 0 [mem 0x0000000000001000-0x000000007ffeffff]
[    0.000000] On node 0 totalpages: 524174
[    0.000000]   DMA zone: 64 pages used for memmap
[    0.000000]   DMA zone: 21 pages reserved
[    0.000000]   DMA zone: 3998 pages, LIFO batch:0
[    0.000000]   DMA32 zone: 8128 pages used for memmap
[    0.000000]   DMA32 zone: 520176 pages, LIFO batch:63
[    0.000000] ACPI: PM-Timer IO Port: 0x4008
[    0.000000] ACPI: Local APIC address 0xfee00000
[    0.000000] IOAPIC[0]: apic_id 2, version 32, address 0xfec00000, GSI 0-23
[    0.000000] ACPI: INT_SRC_OVR (bus 0 bus_irq 0 global_irq 2 dfl dfl)
[    0.000000] ACPI: INT_SRC_OVR (bus 0 bus_irq 9 global_irq 9 low level)
[    0.000000] ACPI: IRQ0 used by override.
[    0.000000] ACPI: IRQ9 used by override.
[    0.000000] Using ACPI (MADT) for SMP configuration information
[    0.000000] smpboot: Allowing 2 CPUs, 0 hotplug CPUs
[    0.000000] PM: Registered nosave memory: [mem 0x00000000-0x00000fff]
[    0.000000] PM: Registered nosave memory: [mem 0x0009f000-0x0009ffff]
[    0.000000] PM: Registered nosave memory: [mem 0x000a0000-0x000effff]
[    0.000000] PM: Registered nosave memory: [mem 0x000f0000-0x000fffff]
[    0.000000] [mem 0x80000000-0xfebfffff] available for PCI devices
[    0.000000] clocksource: refined-jiffies: mask: 0xffffffff max_cycles: 0xffffffff, max_idle_ns: 1910969940391419 ns
[    0.000000] random: get_random_bytes called from start_kernel+0x90/0x48a with crng_init=0
[    0.000000] setup_percpu: NR_CPUS:64 nr_cpumask_bits:64 nr_cpu_ids:2 nr_node_ids:1
[    0.000000] percpu: Embedded 43 pages/cpu s138136 r8192 d29800 u1048576
[    0.000000] pcpu-alloc: s138136 r8192 d29800 u1048576 alloc=1*2097152
[    0.000000] pcpu-alloc: [0] 0 1 
[    0.000000] Built 1 zonelists, mobility grouping on.  Total pages: 515961
[    0.000000] Policy zone: DMA32
[    0.000000] Kernel command line: BOOT_IMAGE=/vmlinuz-v5.1-rc7-agrumbac root=/dev/sda3 ro
[    0.000000] Calgary: detecting Calgary via BIOS EBDA area
[    0.000000] Calgary: Unable to locate Rio Grande table in EBDA - bailing!
[    0.000000] Memory: 2038704K/2096696K available (14340K kernel code, 1250K rwdata, 2920K rodata, 1276K init, 1436K bss, 57992K reserved, 0K cma-reserved)
[    0.000000] SLUB: HWalign=64, Order=0-3, MinObjects=0, CPUs=2, Nodes=1
[    0.000000] Kernel/User page tables isolation: enabled
[    0.000000] rcu: Hierarchical RCU implementation.
[    0.000000] rcu: 	RCU event tracing is enabled.
[    0.000000] rcu: 	RCU restricting CPUs from NR_CPUS=64 to nr_cpu_ids=2.
[    0.000000] rcu: RCU calculated value of scheduler-enlistment delay is 100 jiffies.
[    0.000000] rcu: Adjusting geometry for rcu_fanout_leaf=16, nr_cpu_ids=2
[    0.000000] NR_IRQS: 4352, nr_irqs: 440, preallocated irqs: 16
[    0.000000] Console: colour VGA+ 80x25
[    0.000000] printk: console [tty0] enabled
[    0.000000] ACPI: Core revision 20190215
[    0.000000] APIC: Switch to symmetric I/O mode setup
[    0.001000] ..TIMER: vector=0x30 apic1=0 pin1=2 apic2=-1 pin2=-1
[    0.010000] tsc: Unable to calibrate against PIT
[    0.011000] tsc: using PMTIMER reference calibration
[    0.011000] tsc: Detected 2893.392 MHz processor
[    0.000015] clocksource: tsc-early: mask: 0xffffffffffffffff max_cycles: 0x29b4e0f07f0, max_idle_ns: 440795277537 ns
[    0.000611] Calibrating delay loop (skipped), value calculated using timer frequency.. 5786.78 BogoMIPS (lpj=2893392)
[    0.001603] pid_max: default: 32768 minimum: 301
[    0.001959] LSM: Security Framework initializing
[    0.002304] SELinux:  Initializing.
[    0.002616] *** VALIDATE SELinux ***
[    0.003377] Dentry cache hash table entries: 262144 (order: 9, 2097152 bytes)
[    0.003705] Inode-cache hash table entries: 131072 (order: 8, 1048576 bytes)
[    0.004614] Mount-cache hash table entries: 4096 (order: 3, 32768 bytes)
[    0.005034] Mountpoint-cache hash table entries: 4096 (order: 3, 32768 bytes)
[    0.005691] *** VALIDATE proc ***
[    0.006098] *** VALIDATE cgroup1 ***
[    0.006427] *** VALIDATE cgroup2 ***
[    0.006669] mce: CPU supports 0 MCE banks
[    0.007117] Last level iTLB entries: 4KB 512, 2MB 8, 4MB 8
[    0.007604] Last level dTLB entries: 4KB 512, 2MB 32, 4MB 32, 1GB 0
[    0.008055] Spectre V2 : Mitigation: Full generic retpoline
[    0.008475] Spectre V2 : Spectre v2 / SpectreRSB mitigation: Filling RSB on context switch
[    0.008603] Speculative Store Bypass: Vulnerable
[    0.009090] Freeing SMP alternatives memory: 36K
[    0.010596] smpboot: CPU0: Intel(R) Core(TM) i5-3470S CPU @ 2.90GHz (family: 0x6, model: 0x3a, stepping: 0x9)
[    0.011026] Performance Events: unsupported p6 CPU model 58 no PMU driver, software events only.
[    0.011623] rcu: Hierarchical SRCU implementation.
[    0.012108] smp: Bringing up secondary CPUs ...
[    0.012577] x86: Booting SMP configuration:
[    0.012603] .... node  #0, CPUs:      #1
[    0.000000] mce: CPU supports 0 MCE banks
[    0.013623] smp: Brought up 1 node, 2 CPUs
[    0.015218] smpboot: Max logical packages: 1
[    0.015602] smpboot: Total of 2 processors activated (11573.56 BogoMIPS)
[    0.016134] devtmpfs: initialized
[    0.016767] clocksource: jiffies: mask: 0xffffffff max_cycles: 0xffffffff, max_idle_ns: 1911260446275000 ns
[    0.017250] futex hash table entries: 512 (order: 3, 32768 bytes)
[    0.017694] PM: RTC time: 15:14:05, date: 2019-04-29
[    0.018626] NET: Registered protocol family 16
[    0.019043] audit: initializing netlink subsys (disabled)
[    0.019397] audit: type=2000 audit(1556550845.030:1): state=initialized audit_enabled=0 res=1
[    0.019706] cpuidle: using governor menu
[    0.019953] ACPI: bus type PCI registered
[    0.020681] PCI: Using configuration type 1 for base access
[    0.022685] HugeTLB registered 2.00 MiB page size, pre-allocated 0 pages
[    0.023714] ACPI: Added _OSI(Module Device)
[    0.024073] ACPI: Added _OSI(Processor Device)
[    0.024409] ACPI: Added _OSI(3.0 _SCP Extensions)
[    0.025027] ACPI: Added _OSI(Processor Aggregator Device)
[    0.025357] ACPI: Added _OSI(Linux-Dell-Video)
[    0.025847] ACPI: Added _OSI(Linux-Lenovo-NV-HDMI-Audio)
[    0.026210] ACPI: Added _OSI(Linux-HPI-Hybrid-Graphics)
[    0.027650] ACPI: 2 ACPI AML tables successfully acquired and loaded
[    0.029204] ACPI: Interpreter enabled
[    0.029524] ACPI: (supports S0 S5)
[    0.029603] ACPI: Using IOAPIC for interrupt routing
[    0.030068] PCI: Using host bridge windows from ACPI; if necessary, use "pci=nocrs" and report a bug
[    0.030701] ACPI: Enabled 2 GPEs in block 00 to 07
[    0.034504] ACPI: PCI Root Bridge [PCI0] (domain 0000 [bus 00-ff])
[    0.034606] acpi PNP0A03:00: _OSC: OS supports [ASPM ClockPM Segments MSI]
[    0.035624] acpi PNP0A03:00: _OSC: not requesting OS control; OS requires [ExtendedConfig ASPM ClockPM MSI]
[    0.036160] acpi PNP0A03:00: fail to add MMCONFIG information, can't access extended PCI configuration space under this bridge.
[    0.036698] PCI host bridge to bus 0000:00
[    0.036971] pci_bus 0000:00: root bus resource [io  0x0000-0x0cf7 window]
[    0.037603] pci_bus 0000:00: root bus resource [io  0x0d00-0xffff window]
[    0.037973] pci_bus 0000:00: root bus resource [mem 0x000a0000-0x000bffff window]
[    0.038445] pci_bus 0000:00: root bus resource [mem 0x80000000-0xfdffffff window]
[    0.038603] pci_bus 0000:00: root bus resource [bus 00-ff]
[    0.038928] pci 0000:00:00.0: [8086:1237] type 00 class 0x060000
[    0.039938] pci 0000:00:01.0: [8086:7000] type 00 class 0x060100
[    0.040623] pci 0000:00:01.1: [8086:7111] type 00 class 0x01018a
[    0.041042] pci 0000:00:01.1: reg 0x20: [io  0xd000-0xd00f]
[    0.041212] pci 0000:00:01.1: legacy IDE quirk: reg 0x10: [io  0x01f0-0x01f7]
[    0.041603] pci 0000:00:01.1: legacy IDE quirk: reg 0x14: [io  0x03f6]
[    0.042248] pci 0000:00:01.1: legacy IDE quirk: reg 0x18: [io  0x0170-0x0177]
[    0.042604] pci 0000:00:01.1: legacy IDE quirk: reg 0x1c: [io  0x0376]
[    0.043255] pci 0000:00:02.0: [80ee:beef] type 00 class 0x030000
[    0.044897] pci 0000:00:02.0: reg 0x10: [mem 0xe0000000-0xe0ffffff pref]
[    0.053000] pci 0000:00:03.0: [8086:100e] type 00 class 0x020000
[    0.054667] pci 0000:00:03.0: reg 0x10: [mem 0xf0000000-0xf001ffff]
[    0.056130] pci 0000:00:03.0: reg 0x18: [io  0xd010-0xd017]
[    0.060727] pci 0000:00:04.0: [80ee:cafe] type 00 class 0x088000
[    0.061443] pci 0000:00:04.0: reg 0x10: [io  0xd020-0xd03f]
[    0.062201] pci 0000:00:04.0: reg 0x14: [mem 0xf0400000-0xf07fffff]
[    0.063537] pci 0000:00:04.0: reg 0x18: [mem 0xf0800000-0xf0803fff pref]
[    0.069008] pci 0000:00:05.0: [8086:2415] type 00 class 0x040100
[    0.069166] pci 0000:00:05.0: reg 0x10: [io  0xd100-0xd1ff]
[    0.069244] pci 0000:00:05.0: reg 0x14: [io  0xd200-0xd23f]
[    0.069876] pci 0000:00:06.0: [106b:003f] type 00 class 0x0c0310
[    0.070448] pci 0000:00:06.0: reg 0x10: [mem 0xf0804000-0xf0804fff]
[    0.076141] pci 0000:00:07.0: [8086:7113] type 00 class 0x068000
[    0.076605] pci 0000:00:07.0: quirk: [io  0x4000-0x403f] claimed by PIIX4 ACPI
[    0.077084] pci 0000:00:07.0: quirk: [io  0x4100-0x410f] claimed by PIIX4 SMB
[    0.077745] pci 0000:00:0b.0: [8086:265c] type 00 class 0x0c0320
[    0.079075] pci 0000:00:0b.0: reg 0x10: [mem 0xf0805000-0xf0805fff]
[    0.086884] pci 0000:00:0d.0: [8086:2829] type 00 class 0x010601
[    0.087474] pci 0000:00:0d.0: reg 0x10: [io  0xd240-0xd247]
[    0.087725] pci 0000:00:0d.0: reg 0x14: [io  0xd248-0xd24b]
[    0.088749] pci 0000:00:0d.0: reg 0x18: [io  0xd250-0xd257]
[    0.089749] pci 0000:00:0d.0: reg 0x1c: [io  0xd258-0xd25b]
[    0.090743] pci 0000:00:0d.0: reg 0x20: [io  0xd260-0xd26f]
[    0.091722] pci 0000:00:0d.0: reg 0x24: [mem 0xf0806000-0xf0807fff]
[    0.095029] ACPI: PCI Interrupt Link [LNKA] (IRQs 5 9 10 *11)
[    0.095529] ACPI: PCI Interrupt Link [LNKB] (IRQs 5 9 *10 11)
[    0.095693] ACPI: PCI Interrupt Link [LNKC] (IRQs 5 *9 10 11)
[    0.096093] ACPI: PCI Interrupt Link [LNKD] (IRQs 5 9 10 *11)
[    0.096820] pci 0000:00:02.0: vgaarb: setting as boot VGA device
[    0.096969] pci 0000:00:02.0: vgaarb: VGA device added: decodes=io+mem,owns=io+mem,locks=none
[    0.097607] pci 0000:00:02.0: vgaarb: bridge control possible
[    0.097959] vgaarb: loaded
[    0.098686] SCSI subsystem initialized
[    0.099684] libata version 3.00 loaded.
[    0.099684] pps_core: LinuxPPS API ver. 1 registered
[    0.099994] pps_core: Software ver. 5.3.6 - Copyright 2005-2007 Rodolfo Giometti <giometti@linux.it>
[    0.100607] PTP clock support registered
[    0.101051] EDAC MC: Ver: 3.0.0
[    0.101933] Advanced Linux Sound Architecture Driver Initialized.
[    0.102618] PCI: Using ACPI for IRQ routing
[    0.102937] PCI: pci_cache_line_size set to 64 bytes
[    0.103122] e820: reserve RAM buffer [mem 0x0009fc00-0x0009ffff]
[    0.103140] e820: reserve RAM buffer [mem 0x7fff0000-0x7fffffff]
[    0.103315] NetLabel: Initializing
[    0.103603] NetLabel:  domain hash size = 128
[    0.103922] NetLabel:  protocols = UNLABELED CIPSOv4 CALIPSO
[    0.104252] NetLabel:  unlabeled traffic allowed by default
[    0.105706] clocksource: Switched to clocksource tsc-early
[    0.177881] VFS: Disk quotas dquot_6.6.0
[    0.178201] VFS: Dquot-cache hash table entries: 512 (order 0, 4096 bytes)
[    0.178581] *** VALIDATE hugetlbfs ***
[    0.178921] pnp: PnP ACPI init
[    0.179246] pnp 00:00: Plug and Play ACPI device, IDs PNP0303 (active)
[    0.179310] pnp 00:01: Plug and Play ACPI device, IDs PNP0f03 (active)
[    0.180051] pnp: PnP ACPI: found 2 devices
[    0.194463] clocksource: acpi_pm: mask: 0xffffff max_cycles: 0xffffff, max_idle_ns: 2085701024 ns
[    0.194973] pci_bus 0000:00: resource 4 [io  0x0000-0x0cf7 window]
[    0.194976] pci_bus 0000:00: resource 5 [io  0x0d00-0xffff window]
[    0.194978] pci_bus 0000:00: resource 6 [mem 0x000a0000-0x000bffff window]
[    0.194980] pci_bus 0000:00: resource 7 [mem 0x80000000-0xfdffffff window]
[    0.195026] NET: Registered protocol family 2
[    0.195411] tcp_listen_portaddr_hash hash table entries: 1024 (order: 2, 16384 bytes)
[    0.195977] TCP established hash table entries: 16384 (order: 5, 131072 bytes)
[    0.196419] TCP bind hash table entries: 16384 (order: 6, 262144 bytes)
[    0.196836] TCP: Hash tables configured (established 16384 bind 16384)
[    0.197216] UDP hash table entries: 1024 (order: 3, 32768 bytes)
[    0.197570] UDP-Lite hash table entries: 1024 (order: 3, 32768 bytes)
[    0.197967] NET: Registered protocol family 1
[    0.198668] RPC: Registered named UNIX socket transport module.
[    0.199028] RPC: Registered udp transport module.
[    0.199328] RPC: Registered tcp transport module.
[    0.199618] RPC: Registered tcp NFSv4.1 backchannel transport module.
[    0.200259] pci 0000:00:00.0: Limiting direct PCI/PCI transfers
[    0.200692] pci 0000:00:01.0: Activating ISA DMA hang workarounds
[    0.201166] pci 0000:00:02.0: Video device with shadowed ROM at [mem 0x000c0000-0x000dffff]
[    0.203873] PCI: CLS 0 bytes, default 64
[    0.204199] RAPL PMU: API unit is 2^-32 Joules, 3 fixed counters, 10737418240 ms ovfl timer
[    0.204690] RAPL PMU: hw unit of domain pp0-core 2^-0 Joules
[    0.205045] RAPL PMU: hw unit of domain package 2^-0 Joules
[    0.205139] RAPL PMU: hw unit of domain pp1-gpu 2^-0 Joules
[    0.205796] platform rtc_cmos: registered platform RTC device (no PNP device found)
[    0.206883] check: Scanning for low memory corruption every 60 seconds
[    0.207741] Initialise system trusted keyrings
[    0.208237] workingset: timestamp_bits=56 max_order=19 bucket_order=0
[    0.210653] NFS: Registering the id_resolver key type
[    0.210988] Key type id_resolver registered
[    0.211277] Key type id_legacy registered
[    0.213908] cryptomgr_test (36) used greatest stack depth: 15168 bytes left
[    0.214193] kworker/u4:0 (38) used greatest stack depth: 14528 bytes left
[    0.217325] kworker/u4:0 (69) used greatest stack depth: 14080 bytes left
[    0.219801] Key type asymmetric registered
[    0.220105] Asymmetric key parser 'x509' registered
[    0.220429] Block layer SCSI generic (bsg) driver version 0.4 loaded (major 251)
[    0.220931] io scheduler mq-deadline registered
[    0.221201] io scheduler kyber registered
[    0.222166] ACPI: AC Adapter [AC] (on-line)
[    0.222577] input: Power Button as /devices/LNXSYSTM:00/LNXPWRBN:00/input/input0
[    0.223076] ACPI: Power Button [PWRF]
[    0.223520] input: Sleep Button as /devices/LNXSYSTM:00/LNXSLPBN:00/input/input1
[    0.224049] ACPI: Sleep Button [SLPF]
[    0.224427] ACPI: Video Device [GFX0] (multi-head: yes  rom: no  post: no)
[    0.224893] input: Video Bus as /devices/LNXSYSTM:00/LNXSYBUS:00/PNP0A03:00/LNXVIDEO:00/input/input2
[    0.225678] Serial: 8250/16550 driver, 4 ports, IRQ sharing enabled
[    0.227226] Non-volatile memory driver v1.3
[    0.227635] Linux agpgart interface v0.103
[    0.230874] loop: module loaded
[    0.231243] ahci 0000:00:0d.0: version 3.0
[    0.231711] ahci 0000:00:0d.0: SSS flag set, parallel bus scan disabled
[    0.232215] ahci 0000:00:0d.0: AHCI 0001.0100 32 slots 1 ports 3 Gbps 0x1 impl SATA mode
[    0.232675] ahci 0000:00:0d.0: flags: 64bit ncq stag only ccc 
[    0.233594] scsi host0: ahci
[    0.233948] ata1: SATA max UDMA/133 abar m8192@0xf0806000 port 0xf0806100 irq 21
[    0.234477] ata_piix 0000:00:01.1: version 2.13
[    0.234960] scsi host1: ata_piix
[    0.235553] scsi host2: ata_piix
[    0.235878] ata2: PATA max UDMA/33 cmd 0x1f0 ctl 0x3f6 bmdma 0xd000 irq 14
[    0.236188] ata3: PATA max UDMA/33 cmd 0x170 ctl 0x376 bmdma 0xd008 irq 15
[    0.236731] e100: Intel(R) PRO/100 Network Driver, 3.5.24-k2-NAPI
[    0.237140] e100: Copyright(c) 1999-2006 Intel Corporation
[    0.237547] e1000: Intel(R) PRO/1000 Network Driver - version 7.3.21-k8-NAPI
[    0.237942] e1000: Copyright (c) 1999-2006 Intel Corporation.
[    0.397530] ata3.00: ATAPI: VBOX CD-ROM, 1.0, max UDMA/133
[    0.551399] ata1: SATA link up 3.0 Gbps (SStatus 123 SControl 300)
[    0.552063] ata1.00: ATA-6: VBOX HARDDISK, 1.0, max UDMA/133
[    0.552462] ata1.00: 25419776 sectors, multi 128: LBA48 NCQ (depth 32)
[    0.553046] ata1.00: configured for UDMA/133
[    0.554662] scsi 0:0:0:0: Direct-Access     ATA      VBOX HARDDISK    1.0  PQ: 0 ANSI: 5
[    0.555397] sd 0:0:0:0: Attached scsi generic sg0 type 0
[    0.555923] sd 0:0:0:0: [sda] 25419776 512-byte logical blocks: (13.0 GB/12.1 GiB)
[    0.556493] sd 0:0:0:0: [sda] Write Protect is off
[    0.556839] sd 0:0:0:0: [sda] Mode Sense: 00 3a 00 00
[    0.556868] sd 0:0:0:0: [sda] Write cache: enabled, read cache: enabled, doesn't support DPO or FUA
[    0.558143] scsi 2:0:0:0: CD-ROM            VBOX     CD-ROM           1.0  PQ: 0 ANSI: 5
[    0.559485]  sda: sda1 sda2 sda3
[    0.560354] sd 0:0:0:0: [sda] Attached SCSI disk
[    0.575071] sr 2:0:0:0: [sr0] scsi3-mmc drive: 32x/32x xa/form2 tray
[    0.575633] cdrom: Uniform CD-ROM driver Revision: 3.20
[    0.576302] sr 2:0:0:0: Attached scsi CD-ROM sr0
[    0.576471] sr 2:0:0:0: Attached scsi generic sg1 type 5
[    0.596483] e1000 0000:00:03.0 eth0: (PCI:33MHz:32-bit) 08:00:27:ca:5c:fa
[    0.596848] e1000 0000:00:03.0 eth0: Intel(R) PRO/1000 Network Connection
[    0.597249] e1000e: Intel(R) PRO/1000 Network Driver - 3.2.6-k
[    0.597618] e1000e: Copyright(c) 1999 - 2015 Intel Corporation.
[    0.597978] sky2: driver version 1.30
[    0.598316] i8042: PNP: PS/2 Controller [PNP0303:PS2K,PNP0f03:PS2M] at 0x60,0x64 irq 1,12
[    0.599261] serio: i8042 KBD port at 0x60,0x64 irq 1
[    0.599644] serio: i8042 AUX port at 0x60,0x64 irq 12
[    0.600707] input: AT Translated Set 2 keyboard as /devices/platform/i8042/serio0/input/input3
[    0.601781] rtc_cmos rtc_cmos: registered as rtc0
[    0.602164] rtc_cmos rtc_cmos: alarms up to one day, 114 bytes nvram
[    0.602879] device-mapper: ioctl: 4.40.0-ioctl (2019-01-18) initialised: dm-devel@redhat.com
[    0.603383] intel_pstate: CPU model not supported
[    0.605107] Initializing XFRM netlink socket
[    0.605804] NET: Registered protocol family 10
[    0.606636] Segment Routing with IPv6
[    0.607378] sit: IPv6, IPv4 and MPLS over IPv4 tunneling driver
[    0.607933] NET: Registered protocol family 17
[    0.608290] Key type dns_resolver registered
[    0.608804] sched_clock: Marking stable (620166177, -11403366)->(711988375, -103225564)
[    0.610293] registered taskstats version 1
[    0.610617] Loading compiled-in X.509 certificates
[    0.611154] PM:   Magic number: 15:924:235
[    0.611425] printk: console [netcon0] enabled
[    0.611715] netconsole: network logging started
[    0.612102] cfg80211: Loading compiled-in X.509 certificates for regulatory database
[    0.613687] cfg80211: Loaded X.509 cert 'sforshee: 00b28ddf47aef9cea7'
[    0.614069] ALSA device list:
[    0.614333]   No soundcards found.
[    0.614675] platform regulatory.0: Direct firmware load for regulatory.db failed with error -2
[    0.615163] cfg80211: failed to load regulatory.db
[    0.817034] random: fast init done
[    0.817728] input: ImExPS/2 Generic Explorer Mouse as /devices/platform/i8042/serio1/input/input5
[    0.818496] md: Waiting for all devices to be available before autodetect
[    0.818880] md: If you don't use raid, use raid=noautodetect
[    0.819465] md: Autodetecting RAID arrays.
[    0.819747] md: autorun ...
[    0.820014] md: ... autorun DONE.
[    0.835877] EXT4-fs (sda3): mounted filesystem with ordered data mode. Opts: (null)
[    0.836354] VFS: Mounted root (ext4 filesystem) readonly on device 8:3.
[    0.850801] devtmpfs: mounted
[    0.851359] Freeing unused kernel image memory: 1276K
[    0.854788] Write protecting the kernel read-only data: 20480k
[    0.855919] Freeing unused kernel image memory: 2008K
[    0.856631] Freeing unused kernel image memory: 1176K
[    0.856996] Run /sbin/init as init process
[    1.024251] stty (111) used greatest stack depth: 13408 bytes left
[    1.236675] tsc: Refined TSC clocksource calibration: 2893.407 MHz
[    1.237233] clocksource: tsc: mask: 0xffffffffffffffff max_cycles: 0x29b4eef41a6, max_idle_ns: 440795231367 ns
[    1.237898] clocksource: Switched to clocksource tsc
[    1.277040] ip (163) used greatest stack depth: 12536 bytes left
[    1.353926] udevd[188]: starting version 3.2.7
[    1.435748] random: udevd: uninitialized urandom read (16 bytes read)
[    1.436984] random: udevd: uninitialized urandom read (16 bytes read)
[    1.438060] random: udevd: uninitialized urandom read (16 bytes read)
[    1.465113] udevd[189]: starting eudev-3.2.7
[    1.531663] e1000 0000:00:03.0 enp0s3: renamed from eth0
[    1.545402] ACPI: bus type USB registered
[    1.545645] usbcore: registered new interface driver usbfs
[    1.546198] usbcore: registered new interface driver hub
[    1.547303] usbcore: registered new device driver usb
[    1.551659] ehci_hcd: USB 2.0 'Enhanced' Host Controller (EHCI) Driver
[    1.553917] ehci-pci: EHCI PCI platform driver
[    1.554901] ehci-pci 0000:00:0b.0: EHCI Host Controller
[    1.555323] ehci-pci 0000:00:0b.0: new USB bus registered, assigned bus number 1
[    1.556490] ehci-pci 0000:00:0b.0: irq 19, io mem 0xf0805000
[    1.563714] ehci-pci 0000:00:0b.0: USB 2.0 started, EHCI 1.00
[    1.564279] usb usb1: New USB device found, idVendor=1d6b, idProduct=0002, bcdDevice= 5.01
[    1.564874] usb usb1: New USB device strings: Mfr=3, Product=2, SerialNumber=1
[    1.565449] usb usb1: Product: EHCI Host Controller
[    1.566194] usb usb1: Manufacturer: Linux 5.1.0-rc7 ehci_hcd
[    1.566706] usb usb1: SerialNumber: 0000:00:0b.0
[    1.567667] hub 1-0:1.0: USB hub found
[    1.568039] hub 1-0:1.0: 12 ports detected
[    1.578097] ohci_hcd: USB 1.1 'Open' Host Controller (OHCI) Driver
[    1.581473] ohci-pci: OHCI PCI platform driver
[    1.582600] ohci-pci 0000:00:06.0: OHCI PCI host controller
[    1.583096] ohci-pci 0000:00:06.0: new USB bus registered, assigned bus number 2
[    1.584039] ohci-pci 0000:00:06.0: irq 22, io mem 0xf0804000
[    1.636969] usb usb2: New USB device found, idVendor=1d6b, idProduct=0001, bcdDevice= 5.01
[    1.637798] usb usb2: New USB device strings: Mfr=3, Product=2, SerialNumber=1
[    1.638393] usb usb2: Product: OHCI PCI host controller
[    1.638896] usb usb2: Manufacturer: Linux 5.1.0-rc7 ohci_hcd
[    1.639506] usb usb2: SerialNumber: 0000:00:06.0
[    1.640557] hub 2-0:1.0: USB hub found
[    1.641118] hub 2-0:1.0: 12 ports detected
[    2.004172] Adding 2097148k swap on /dev/sda2.  Priority:1 extents:1 across:2097148k 
[    2.021131] EXT4-fs (sda3): re-mounted. Opts: (null)
[    2.030768] usb 2-1: new full-speed USB device number 2 using ohci-pci
[    2.087775] EXT4-fs (sda3): re-mounted. Opts: (null)
[    2.104409] EXT4-fs (sda1): mounting ext2 file system using the ext4 subsystem
[    2.118460] EXT4-fs (sda1): warning: mounting unchecked fs, running e2fsck is recommended
[    2.121740] EXT4-fs (sda1): mounted filesystem without journal. Opts: (null)
[    2.268773] usb 2-1: New USB device found, idVendor=80ee, idProduct=0021, bcdDevice= 1.00
[    2.269302] usb 2-1: New USB device strings: Mfr=1, Product=3, SerialNumber=0
[    2.269692] usb 2-1: Product: USB Tablet
[    2.270001] usb 2-1: Manufacturer: VirtualBox
[    2.884922] ip (425) used greatest stack depth: 12208 bytes left
[    2.887064] e1000: enp0s3 NIC Link is Up 1000 Mbps Full Duplex, Flow Control: RX
[    2.887811] IPv6: ADDRCONF(NETDEV_CHANGE): enp0s3: link becomes ready
[    2.912767] random: crng init done
[    2.913060] random: 3 urandom warning(s) missed due to ratelimiting
[    3.798546] udevd (197) used greatest stack depth: 12048 bytes left
[    3.799884] udevd (199) used greatest stack depth: 12032 bytes left

