[    0.000000] Linux version 5.1.0-rc6 (root@jye) (gcc version 8.2.0 (GCC)) #1 SMP Tue Apr 23 19:13:03 CEST 2019
[    0.000000] Command line: BOOT_IMAGE=/vmlinuz-5.1.0-rc6-jye root=/dev/sda3 ro
[    0.000000] x86/fpu: Supporting XSAVE feature 0x001: 'x87 floating point registers'
[    0.000000] x86/fpu: Supporting XSAVE feature 0x002: 'SSE registers'
[    0.000000] x86/fpu: Supporting XSAVE feature 0x004: 'AVX registers'
[    0.000000] x86/fpu: xstate_offset[2]:  576, xstate_sizes[2]:  256
[    0.000000] x86/fpu: Enabled xstate features 0x7, context size is 832 bytes, using 'standard' format.
[    0.000000] BIOS-provided physical RAM map:
[    0.000000] BIOS-e820: [mem 0x0000000000000000-0x000000000009fbff] usable
[    0.000000] BIOS-e820: [mem 0x000000000009fc00-0x000000000009ffff] reserved
[    0.000000] BIOS-e820: [mem 0x00000000000f0000-0x00000000000fffff] reserved
[    0.000000] BIOS-e820: [mem 0x0000000000100000-0x00000000dffeffff] usable
[    0.000000] BIOS-e820: [mem 0x00000000dfff0000-0x00000000dfffffff] ACPI data
[    0.000000] BIOS-e820: [mem 0x00000000fec00000-0x00000000fec00fff] reserved
[    0.000000] BIOS-e820: [mem 0x00000000fee00000-0x00000000fee00fff] reserved
[    0.000000] BIOS-e820: [mem 0x00000000fffc0000-0x00000000ffffffff] reserved
[    0.000000] BIOS-e820: [mem 0x0000000100000000-0x000000011fffffff] usable
[    0.000000] NX (Execute Disable) protection: active
[    0.000000] SMBIOS 2.5 present.
[    0.000000] DMI: innotek GmbH VirtualBox/VirtualBox, BIOS VirtualBox 12/01/2006
[    0.000000] tsc: Fast TSC calibration using PIT
[    0.000000] tsc: Detected 2893.225 MHz processor
[    0.001481] e820: update [mem 0x00000000-0x00000fff] usable ==> reserved
[    0.001484] e820: remove [mem 0x000a0000-0x000fffff] usable
[    0.001489] last_pfn = 0x120000 max_arch_pfn = 0x400000000
[    0.001498] MTRR default type: uncachable
[    0.001500] MTRR variable ranges disabled:
[    0.001501] Disabled
[    0.001503] x86/PAT: MTRRs disabled, skipping PAT initialization too.
[    0.001507] CPU MTRRs all blank - virtualized system.
[    0.001510] x86/PAT: Configuration [0-7]: WB  WT  UC- UC  WB  WT  UC- UC  
[    0.001514] last_pfn = 0xdfff0 max_arch_pfn = 0x400000000
[    0.001574] found SMP MP-table at [mem 0x0009fff0-0x0009ffff]
[    0.001588] check: Scanning 1 areas for low memory corruption
[    0.001613] BRK [0x1f801000, 0x1f801fff] PGTABLE
[    0.001617] BRK [0x1f802000, 0x1f802fff] PGTABLE
[    0.001618] BRK [0x1f803000, 0x1f803fff] PGTABLE
[    0.001631] BRK [0x1f804000, 0x1f804fff] PGTABLE
[    0.001634] BRK [0x1f805000, 0x1f805fff] PGTABLE
[    0.001966] ACPI: Early table checksum verification disabled
[    0.001971] ACPI: RSDP 0x00000000000E0000 000024 (v02 VBOX  )
[    0.001977] ACPI: XSDT 0x00000000DFFF0030 00003C (v01 VBOX   VBOXXSDT 00000001 ASL  00000061)
[    0.001983] ACPI: FACP 0x00000000DFFF00F0 0000F4 (v04 VBOX   VBOXFACP 00000001 ASL  00000061)
[    0.001991] ACPI: DSDT 0x00000000DFFF0480 0021FF (v02 VBOX   VBOXBIOS 00000002 INTL 20100528)
[    0.001995] ACPI: FACS 0x00000000DFFF0200 000040
[    0.002000] ACPI: FACS 0x00000000DFFF0200 000040
[    0.002004] ACPI: APIC 0x00000000DFFF0240 00006C (v02 VBOX   VBOXAPIC 00000001 ASL  00000061)
[    0.002009] ACPI: SSDT 0x00000000DFFF02B0 0001CC (v01 VBOX   VBOXCPUT 00000002 INTL 20100528)
[    0.002019] ACPI: Local APIC address 0xfee00000
[    0.002205] No NUMA configuration found
[    0.002207] Faking a node at [mem 0x0000000000000000-0x000000011fffffff]
[    0.002211] NODE_DATA(0) allocated [mem 0x11fff8000-0x11fffbfff]
[    0.002445] Zone ranges:
[    0.002448]   DMA      [mem 0x0000000000001000-0x0000000000ffffff]
[    0.002450]   DMA32    [mem 0x0000000001000000-0x00000000ffffffff]
[    0.002452]   Normal   [mem 0x0000000100000000-0x000000011fffffff]
[    0.002454] Movable zone start for each node
[    0.002456] Early memory node ranges
[    0.002458]   node   0: [mem 0x0000000000001000-0x000000000009efff]
[    0.002460]   node   0: [mem 0x0000000000100000-0x00000000dffeffff]
[    0.002462]   node   0: [mem 0x0000000100000000-0x000000011fffffff]
[    0.002955] Zeroed struct page in unavailable ranges: 114 pages
[    0.002958] Initmem setup node 0 [mem 0x0000000000001000-0x000000011fffffff]
[    0.002961] On node 0 totalpages: 1048462
[    0.002963]   DMA zone: 64 pages used for memmap
[    0.002964]   DMA zone: 21 pages reserved
[    0.002966]   DMA zone: 3998 pages, LIFO batch:0
[    0.003049]   DMA32 zone: 14272 pages used for memmap
[    0.003051]   DMA32 zone: 913392 pages, LIFO batch:63
[    0.027482]   Normal zone: 2048 pages used for memmap
[    0.027485]   Normal zone: 131072 pages, LIFO batch:31
[    0.031402] ACPI: PM-Timer IO Port: 0x4008
[    0.031407] ACPI: Local APIC address 0xfee00000
[    0.031460] IOAPIC[0]: apic_id 4, version 32, address 0xfec00000, GSI 0-23
[    0.031465] ACPI: INT_SRC_OVR (bus 0 bus_irq 0 global_irq 2 dfl dfl)
[    0.031468] ACPI: INT_SRC_OVR (bus 0 bus_irq 9 global_irq 9 low level)
[    0.031471] ACPI: IRQ0 used by override.
[    0.031474] ACPI: IRQ9 used by override.
[    0.031477] Using ACPI (MADT) for SMP configuration information
[    0.031485] smpboot: Allowing 4 CPUs, 0 hotplug CPUs
[    0.031497] PM: Registered nosave memory: [mem 0x00000000-0x00000fff]
[    0.031499] PM: Registered nosave memory: [mem 0x0009f000-0x0009ffff]
[    0.031501] PM: Registered nosave memory: [mem 0x000a0000-0x000effff]
[    0.031503] PM: Registered nosave memory: [mem 0x000f0000-0x000fffff]
[    0.031505] PM: Registered nosave memory: [mem 0xdfff0000-0xdfffffff]
[    0.031507] PM: Registered nosave memory: [mem 0xe0000000-0xfebfffff]
[    0.031509] PM: Registered nosave memory: [mem 0xfec00000-0xfec00fff]
[    0.031511] PM: Registered nosave memory: [mem 0xfec01000-0xfedfffff]
[    0.031513] PM: Registered nosave memory: [mem 0xfee00000-0xfee00fff]
[    0.031515] PM: Registered nosave memory: [mem 0xfee01000-0xfffbffff]
[    0.031516] PM: Registered nosave memory: [mem 0xfffc0000-0xffffffff]
[    0.031519] [mem 0xe0000000-0xfebfffff] available for PCI devices
[    0.031523] clocksource: refined-jiffies: mask: 0xffffffff max_cycles: 0xffffffff, max_idle_ns: 1910969940391419 ns
[    0.130064] random: get_random_bytes called from start_kernel+0x8c/0x487 with crng_init=0
[    0.130075] setup_percpu: NR_CPUS:64 nr_cpumask_bits:64 nr_cpu_ids:4 nr_node_ids:1
[    0.130460] percpu: Embedded 43 pages/cpu s138136 r8192 d29800 u524288
[    0.130466] pcpu-alloc: s138136 r8192 d29800 u524288 alloc=1*2097152
[    0.130468] pcpu-alloc: [0] 0 1 2 3 
[    0.130483] Built 1 zonelists, mobility grouping on.  Total pages: 1032057
[    0.130485] Policy zone: Normal
[    0.130488] Kernel command line: BOOT_IMAGE=/vmlinuz-5.1.0-rc6-jye root=/dev/sda3 ro
[    0.140402] Calgary: detecting Calgary via BIOS EBDA area
[    0.140409] Calgary: Unable to locate Rio Grande table in EBDA - bailing!
[    0.149318] Memory: 4032760K/4193848K available (14340K kernel code, 1310K rwdata, 3072K rodata, 1264K init, 1384K bss, 161088K reserved, 0K cma-reserved)
[    0.149584] SLUB: HWalign=64, Order=0-3, MinObjects=0, CPUs=4, Nodes=1
[    0.149584] Kernel/User page tables isolation: enabled
[    0.150035] rcu: Hierarchical RCU implementation.
[    0.150037] rcu: 	RCU event tracing is enabled.
[    0.150039] rcu: 	RCU restricting CPUs from NR_CPUS=64 to nr_cpu_ids=4.
[    0.150041] rcu: RCU calculated value of scheduler-enlistment delay is 100 jiffies.
[    0.150043] rcu: Adjusting geometry for rcu_fanout_leaf=16, nr_cpu_ids=4
[    0.150199] NR_IRQS: 4352, nr_irqs: 456, preallocated irqs: 16
[    0.158623] Console: colour VGA+ 80x25
[    0.194100] printk: console [tty0] enabled
[    0.194465] ACPI: Core revision 20190215
[    0.195133] APIC: Switch to symmetric I/O mode setup
[    0.197131] ..TIMER: vector=0x30 apic1=0 pin1=2 apic2=-1 pin2=-1
[    0.201955] clocksource: tsc-early: mask: 0xffffffffffffffff max_cycles: 0x29b442f8ecc, max_idle_ns: 440795254449 ns
[    0.202564] Calibrating delay loop (skipped), value calculated using timer frequency.. 5786.45 BogoMIPS (lpj=2893225)
[    0.203552] pid_max: default: 32768 minimum: 301
[    0.203910] LSM: Security Framework initializing
[    0.204254] SELinux:  Initializing.
[    0.204563] *** VALIDATE SELinux ***
[    0.205479] Dentry cache hash table entries: 524288 (order: 10, 4194304 bytes)
[    0.206516] Inode-cache hash table entries: 262144 (order: 9, 2097152 bytes)
[    0.206990] Mount-cache hash table entries: 8192 (order: 4, 65536 bytes)
[    0.207419] Mountpoint-cache hash table entries: 8192 (order: 4, 65536 bytes)
[    0.207668] *** VALIDATE proc ***
[    0.208004] *** VALIDATE cgroup1 ***
[    0.208552] *** VALIDATE cgroup2 ***
[    0.209615] mce: CPU supports 0 MCE banks
[    0.209971] Last level iTLB entries: 4KB 512, 2MB 8, 4MB 8
[    0.210317] Last level dTLB entries: 4KB 512, 2MB 32, 4MB 32, 1GB 0
[    0.210552] Spectre V2 : Mitigation: Full generic retpoline
[    0.210946] Spectre V2 : Spectre v2 / SpectreRSB mitigation: Filling RSB on context switch
[    0.211551] Speculative Store Bypass: Vulnerable
[    0.212049] Freeing SMP alternatives memory: 40K
[    0.213544] smpboot: CPU0: Intel(R) Core(TM) i5-3470S CPU @ 2.90GHz (family: 0x6, model: 0x3a, stepping: 0x9)
[    0.213694] Performance Events: unsupported p6 CPU model 58 no PMU driver, software events only.
[    0.214210] rcu: Hierarchical SRCU implementation.
[    0.214693] smp: Bringing up secondary CPUs ...
[    0.215116] x86: Booting SMP configuration:
[    0.215399] .... node  #0, CPUs:      #1
[    0.045187] mce: CPU supports 0 MCE banks
[    0.216691]  #2
[    0.045187] mce: CPU supports 0 MCE banks
[    0.218685]  #3
[    0.045187] mce: CPU supports 0 MCE banks
[    0.219568] smp: Brought up 1 node, 4 CPUs
[    0.222061] smpboot: Max logical packages: 1
[    0.222321] smpboot: Total of 4 processors activated (23145.80 BogoMIPS)
[    0.222831] devtmpfs: initialized
[    0.223781] clocksource: jiffies: mask: 0xffffffff max_cycles: 0xffffffff, max_idle_ns: 1911260446275000 ns
[    0.223733] kworker/u8:0 (31) used greatest stack depth: 14216 bytes left
[    0.224557] futex hash table entries: 1024 (order: 4, 65536 bytes)
[    0.225650] PM: RTC time: 17:25:03, date: 2019-04-23
[    0.226447] NET: Registered protocol family 16
[    0.226661] audit: initializing netlink subsys (disabled)
[    0.227005] audit: type=2000 audit(1556040303.032:1): state=initialized audit_enabled=0 res=1
[    0.227667] cpuidle: using governor menu
[    0.228054] ACPI: bus type PCI registered
[    0.228798] PCI: Using configuration type 1 for base access
[    0.240728] HugeTLB registered 2.00 MiB page size, pre-allocated 0 pages
[    0.241689] ACPI: Added _OSI(Module Device)
[    0.242013] ACPI: Added _OSI(Processor Device)
[    0.242013] ACPI: Added _OSI(3.0 _SCP Extensions)
[    0.242013] ACPI: Added _OSI(Processor Aggregator Device)
[    0.242179] ACPI: Added _OSI(Linux-Dell-Video)
[    0.242544] ACPI: Added _OSI(Linux-Lenovo-NV-HDMI-Audio)
[    0.242939] ACPI: Added _OSI(Linux-HPI-Hybrid-Graphics)
[    0.244629] ACPI: 2 ACPI AML tables successfully acquired and loaded
[    0.246286] ACPI: Interpreter enabled
[    0.246561] ACPI: (supports S0 S5)
[    0.246877] ACPI: Using IOAPIC for interrupt routing
[    0.247549] PCI: Using host bridge windows from ACPI; if necessary, use "pci=nocrs" and report a bug
[    0.248694] ACPI: Enabled 2 GPEs in block 00 to 07
[    0.253544] ACPI: PCI Root Bridge [PCI0] (domain 0000 [bus 00-ff])
[    0.254555] acpi PNP0A03:00: _OSC: OS supports [ASPM ClockPM Segments MSI]
[    0.254928] acpi PNP0A03:00: _OSC: not requesting OS control; OS requires [ExtendedConfig ASPM ClockPM MSI]
[    0.255556] acpi PNP0A03:00: fail to add MMCONFIG information, can't access extended PCI configuration space under this bridge.
[    0.256153] PCI host bridge to bus 0000:00
[    0.256552] pci_bus 0000:00: root bus resource [io  0x0000-0x0cf7 window]
[    0.256895] pci_bus 0000:00: root bus resource [io  0x0d00-0xffff window]
[    0.256895] pci_bus 0000:00: root bus resource [mem 0x000a0000-0x000bffff window]
[    0.257082] pci_bus 0000:00: root bus resource [mem 0xe0000000-0xfdffffff window]
[    0.257509] pci_bus 0000:00: root bus resource [bus 00-ff]
[    0.258590] pci 0000:00:00.0: [8086:1237] type 00 class 0x060000
[    0.259101] pci 0000:00:01.0: [8086:7000] type 00 class 0x060100
[    0.259549] pci 0000:00:01.1: [8086:7111] type 00 class 0x01018a
[    0.259794] pci 0000:00:01.1: reg 0x20: [io  0xd000-0xd00f]
[    0.259968] pci 0000:00:01.1: legacy IDE quirk: reg 0x10: [io  0x01f0-0x01f7]
[    0.260319] pci 0000:00:01.1: legacy IDE quirk: reg 0x14: [io  0x03f6]
[    0.261551] pci 0000:00:01.1: legacy IDE quirk: reg 0x18: [io  0x0170-0x0177]
[    0.261551] pci 0000:00:01.1: legacy IDE quirk: reg 0x1c: [io  0x0376]
[    0.262549] pci 0000:00:02.0: [80ee:beef] type 00 class 0x030000
[    0.264842] pci 0000:00:02.0: reg 0x10: [mem 0xe0000000-0xe0ffffff pref]
[    0.278565] pci 0000:00:03.0: [8086:100e] type 00 class 0x020000
[    0.280572] pci 0000:00:03.0: reg 0x10: [mem 0xf0000000-0xf001ffff]
[    0.285778] pci 0000:00:03.0: reg 0x18: [io  0xd010-0xd017]
[    0.294557] pci 0000:00:04.0: [80ee:cafe] type 00 class 0x088000
[    0.295926] pci 0000:00:04.0: reg 0x10: [io  0xd020-0xd03f]
[    0.298680] pci 0000:00:04.0: reg 0x14: [mem 0xf0400000-0xf07fffff]
[    0.300666] pci 0000:00:04.0: reg 0x18: [mem 0xf0800000-0xf0803fff pref]
[    0.309549] pci 0000:00:05.0: [8086:2415] type 00 class 0x040100
[    0.309549] pci 0000:00:05.0: reg 0x10: [io  0xd100-0xd1ff]
[    0.309549] pci 0000:00:05.0: reg 0x14: [io  0xd200-0xd23f]
[    0.310552] pci 0000:00:06.0: [106b:003f] type 00 class 0x0c0310
[    0.311689] pci 0000:00:06.0: reg 0x10: [mem 0xf0804000-0xf0804fff]
[    0.325131] pci 0000:00:07.0: [8086:7113] type 00 class 0x068000
[    0.325131] pci 0000:00:07.0: quirk: [io  0x4000-0x403f] claimed by PIIX4 ACPI
[    0.325450] pci 0000:00:07.0: quirk: [io  0x4100-0x410f] claimed by PIIX4 SMB
[    0.326837] pci 0000:00:0b.0: [8086:265c] type 00 class 0x0c0320
[    0.327677] pci 0000:00:0b.0: reg 0x10: [mem 0xf0805000-0xf0805fff]
[    0.340803] pci 0000:00:0d.0: [8086:2829] type 00 class 0x010601
[    0.342187] pci 0000:00:0d.0: reg 0x10: [io  0xd240-0xd247]
[    0.345830] pci 0000:00:0d.0: reg 0x14: [io  0xd248-0xd24b]
[    0.348696] pci 0000:00:0d.0: reg 0x18: [io  0xd250-0xd257]
[    0.349822] pci 0000:00:0d.0: reg 0x1c: [io  0xd258-0xd25b]
[    0.352667] pci 0000:00:0d.0: reg 0x20: [io  0xd260-0xd26f]
[    0.354745] pci 0000:00:0d.0: reg 0x24: [mem 0xf0806000-0xf0807fff]
[    0.358550] ACPI: PCI Interrupt Link [LNKA] (IRQs 5 9 10 *11)
[    0.359708] ACPI: PCI Interrupt Link [LNKB] (IRQs 5 9 *10 11)
[    0.360141] ACPI: PCI Interrupt Link [LNKC] (IRQs 5 *9 10 11)
[    0.360141] ACPI: PCI Interrupt Link [LNKD] (IRQs 5 9 10 *11)
[    0.360730] pci 0000:00:02.0: vgaarb: setting as boot VGA device
[    0.360984] pci 0000:00:02.0: vgaarb: VGA device added: decodes=io+mem,owns=io+mem,locks=none
[    0.361567] pci 0000:00:02.0: vgaarb: bridge control possible
[    0.362551] vgaarb: loaded
[    0.363638] SCSI subsystem initialized
[    0.364100] libata version 3.00 loaded.
[    0.364100] ACPI: bus type USB registered
[    0.364835] usbcore: registered new interface driver usbfs
[    0.364835] usbcore: registered new interface driver hub
[    0.365572] usbcore: registered new device driver usb
[    0.365787] pps_core: LinuxPPS API ver. 1 registered
[    0.366598] pps_core: Software ver. 5.3.6 - Copyright 2005-2007 Rodolfo Giometti <giometti@linux.it>
[    0.366664] PTP clock support registered
[    0.367635] EDAC MC: Ver: 3.0.0
[    0.368645] Advanced Linux Sound Architecture Driver Initialized.
[    0.369124] PCI: Using ACPI for IRQ routing
[    0.369565] PCI: pci_cache_line_size set to 64 bytes
[    0.369773] e820: reserve RAM buffer [mem 0x0009fc00-0x0009ffff]
[    0.369779] e820: reserve RAM buffer [mem 0xdfff0000-0xdfffffff]
[    0.369965] NetLabel: Initializing
[    0.369965] NetLabel:  domain hash size = 128
[    0.369965] NetLabel:  protocols = UNLABELED CIPSOv4 CALIPSO
[    0.370552] NetLabel:  unlabeled traffic allowed by default
[    0.371784] clocksource: Switched to clocksource tsc-early
[    0.434541] VFS: Disk quotas dquot_6.6.0
[    0.434891] VFS: Dquot-cache hash table entries: 512 (order 0, 4096 bytes)
[    0.435628] *** VALIDATE hugetlbfs ***
[    0.436057] pnp: PnP ACPI init
[    0.436497] pnp 00:00: Plug and Play ACPI device, IDs PNP0303 (active)
[    0.436606] pnp 00:01: Plug and Play ACPI device, IDs PNP0f03 (active)
[    0.437191] pnp: PnP ACPI: found 2 devices
[    0.452427] clocksource: acpi_pm: mask: 0xffffff max_cycles: 0xffffff, max_idle_ns: 2085701024 ns
[    0.452942] pci_bus 0000:00: resource 4 [io  0x0000-0x0cf7 window]
[    0.452944] pci_bus 0000:00: resource 5 [io  0x0d00-0xffff window]
[    0.452947] pci_bus 0000:00: resource 6 [mem 0x000a0000-0x000bffff window]
[    0.452949] pci_bus 0000:00: resource 7 [mem 0xe0000000-0xfdffffff window]
[    0.452995] NET: Registered protocol family 2
[    0.453484] tcp_listen_portaddr_hash hash table entries: 2048 (order: 3, 32768 bytes)
[    0.453968] TCP established hash table entries: 32768 (order: 6, 262144 bytes)
[    0.454435] TCP bind hash table entries: 32768 (order: 7, 524288 bytes)
[    0.454799] TCP: Hash tables configured (established 32768 bind 32768)
[    0.455318] UDP hash table entries: 2048 (order: 4, 65536 bytes)
[    0.455665] UDP-Lite hash table entries: 2048 (order: 4, 65536 bytes)
[    0.456024] NET: Registered protocol family 1
[    0.456792] RPC: Registered named UNIX socket transport module.
[    0.457212] RPC: Registered udp transport module.
[    0.457580] RPC: Registered tcp transport module.
[    0.457864] RPC: Registered tcp NFSv4.1 backchannel transport module.
[    0.458498] pci 0000:00:00.0: Limiting direct PCI/PCI transfers
[    0.458883] pci 0000:00:01.0: Activating ISA DMA hang workarounds
[    0.459278] pci 0000:00:02.0: Video device with shadowed ROM at [mem 0x000c0000-0x000dffff]
[    0.462056] PCI: CLS 0 bytes, default 64
[    0.462090] PCI-DMA: Using software bounce buffering for IO (SWIOTLB)
[    0.462473] software IO TLB: mapped [mem 0xdbff0000-0xdfff0000] (64MB)
[    0.463598] RAPL PMU: API unit is 2^-32 Joules, 3 fixed counters, 10737418240 ms ovfl timer
[    0.464077] RAPL PMU: hw unit of domain pp0-core 2^-0 Joules
[    0.464455] RAPL PMU: hw unit of domain package 2^-0 Joules
[    0.464848] RAPL PMU: hw unit of domain pp1-gpu 2^-0 Joules
[    0.465281] platform rtc_cmos: registered platform RTC device (no PNP device found)
[    0.467642] check: Scanning for low memory corruption every 60 seconds
[    0.468558] Initialise system trusted keyrings
[    0.468985] workingset: timestamp_bits=56 max_order=20 bucket_order=0
[    0.471958] NFS: Registering the id_resolver key type
[    0.472411] Key type id_resolver registered
[    0.472775] Key type id_legacy registered
[    0.483222] Key type asymmetric registered
[    0.483573] Asymmetric key parser 'x509' registered
[    0.483906] Block layer SCSI generic (bsg) driver version 0.4 loaded (major 251)
[    0.484394] io scheduler mq-deadline registered
[    0.484713] io scheduler kyber registered
[    0.485793] ACPI: AC Adapter [AC] (on-line)
[    0.486324] input: Power Button as /devices/LNXSYSTM:00/LNXPWRBN:00/input/input0
[    0.486835] ACPI: Power Button [PWRF]
[    0.487337] input: Sleep Button as /devices/LNXSYSTM:00/LNXSLPBN:00/input/input1
[    0.487857] ACPI: Sleep Button [SLPF]
[    0.488262] ACPI: Video Device [GFX0] (multi-head: yes  rom: no  post: no)
[    0.488737] input: Video Bus as /devices/LNXSYSTM:00/LNXSYBUS:00/PNP0A03:00/LNXVIDEO:00/input/input2
[    0.489681] Serial: 8250/16550 driver, 4 ports, IRQ sharing enabled
[    0.491352] Non-volatile memory driver v1.3
[    0.491779] Linux agpgart interface v0.103
[    0.495789] loop: module loaded
[    0.496234] ahci 0000:00:0d.0: version 3.0
[    0.496795] ahci 0000:00:0d.0: SSS flag set, parallel bus scan disabled
[    0.497527] ahci 0000:00:0d.0: AHCI 0001.0100 32 slots 1 ports 3 Gbps 0x1 impl SATA mode
[    0.498027] ahci 0000:00:0d.0: flags: 64bit ncq stag only ccc 
[    0.499315] scsi host0: ahci
[    0.499722] ata1: SATA max UDMA/133 abar m8192@0xf0806000 port 0xf0806100 irq 21
[    0.500303] ata_piix 0000:00:01.1: version 2.13
[    0.501335] scsi host1: ata_piix
[    0.502019] scsi host2: ata_piix
[    0.502365] ata2: PATA max UDMA/33 cmd 0x1f0 ctl 0x3f6 bmdma 0xd000 irq 14
[    0.503162] ata3: PATA max UDMA/33 cmd 0x170 ctl 0x376 bmdma 0xd008 irq 15
[    0.503683] e100: Intel(R) PRO/100 Network Driver, 3.5.24-k2-NAPI
[    0.504110] e100: Copyright(c) 1999-2006 Intel Corporation
[    0.504621] e1000: Intel(R) PRO/1000 Network Driver - version 7.3.21-k8-NAPI
[    0.505374] e1000: Copyright (c) 1999-2006 Intel Corporation.
[    0.658898] ata3.00: ATAPI: VBOX CD-ROM, 1.0, max UDMA/133
[    0.808814] ata1: SATA link up 3.0 Gbps (SStatus 123 SControl 300)
[    0.809431] ata1.00: ATA-6: VBOX HARDDISK, 1.0, max UDMA/133
[    0.809930] ata1.00: 33554432 sectors, multi 128: LBA48 NCQ (depth 32)
[    0.810579] ata1.00: configured for UDMA/133
[    0.811340] scsi 0:0:0:0: Direct-Access     ATA      VBOX HARDDISK    1.0  PQ: 0 ANSI: 5
[    0.812228] sd 0:0:0:0: Attached scsi generic sg0 type 0
[    0.812248] sd 0:0:0:0: [sda] 33554432 512-byte logical blocks: (17.2 GB/16.0 GiB)
[    0.813380] sd 0:0:0:0: [sda] Write Protect is off
[    0.813784] scsi 2:0:0:0: CD-ROM            VBOX     CD-ROM           1.0  PQ: 0 ANSI: 5
[    0.813891] sd 0:0:0:0: [sda] Mode Sense: 00 3a 00 00
[    0.814574] sd 0:0:0:0: [sda] Write cache: enabled, read cache: enabled, doesn't support DPO or FUA
[    0.817807]  sda: sda1 sda2 sda3
[    0.819124] sd 0:0:0:0: [sda] Attached SCSI disk
[    0.843788] sr 2:0:0:0: [sr0] scsi3-mmc drive: 32x/32x xa/form2 tray
[    0.844175] cdrom: Uniform CD-ROM driver Revision: 3.20
[    0.844756] sr 2:0:0:0: Attached scsi CD-ROM sr0
[    0.845022] sr 2:0:0:0: Attached scsi generic sg1 type 5
[    0.870639] e1000 0000:00:03.0 eth0: (PCI:33MHz:32-bit) 08:00:27:3d:d4:d9
[    0.870837] kworker/u8:2 (986) used greatest stack depth: 14112 bytes left
[    0.871088] e1000 0000:00:03.0 eth0: Intel(R) PRO/1000 Network Connection
[    0.871893] e1000e: Intel(R) PRO/1000 Network Driver - 3.2.6-k
[    0.872344] e1000e: Copyright(c) 1999 - 2015 Intel Corporation.
[    0.872712] sky2: driver version 1.30
[    0.873206] ehci_hcd: USB 2.0 'Enhanced' Host Controller (EHCI) Driver
[    0.873677] ehci-pci: EHCI PCI platform driver
[    0.874388] ehci-pci 0000:00:0b.0: EHCI Host Controller
[    0.874830] ehci-pci 0000:00:0b.0: new USB bus registered, assigned bus number 1
[    0.875574] ehci-pci 0000:00:0b.0: irq 19, io mem 0xf0805000
[    0.883462] ehci-pci 0000:00:0b.0: USB 2.0 started, EHCI 1.00
[    0.883893] usb usb1: New USB device found, idVendor=1d6b, idProduct=0002, bcdDevice= 5.01
[    0.884351] usb usb1: New USB device strings: Mfr=3, Product=2, SerialNumber=1
[    0.884922] usb usb1: Product: EHCI Host Controller
[    0.885288] usb usb1: Manufacturer: Linux 5.1.0-rc6 ehci_hcd
[    0.885653] usb usb1: SerialNumber: 0000:00:0b.0
[    0.886146] hub 1-0:1.0: USB hub found
[    0.886578] hub 1-0:1.0: 12 ports detected
[    0.887175] ohci_hcd: USB 1.1 'Open' Host Controller (OHCI) Driver
[    0.887633] ohci-pci: OHCI PCI platform driver
[    0.888313] ohci-pci 0000:00:06.0: OHCI PCI host controller
[    0.888835] ohci-pci 0000:00:06.0: new USB bus registered, assigned bus number 2
[    0.889338] ohci-pci 0000:00:06.0: irq 22, io mem 0xf0804000
[    0.942951] usb usb2: New USB device found, idVendor=1d6b, idProduct=0001, bcdDevice= 5.01
[    0.943379] usb usb2: New USB device strings: Mfr=3, Product=2, SerialNumber=1
[    0.943842] usb usb2: Product: OHCI PCI host controller
[    0.944137] usb usb2: Manufacturer: Linux 5.1.0-rc6 ohci_hcd
[    0.944463] usb usb2: SerialNumber: 0000:00:06.0
[    0.944978] hub 2-0:1.0: USB hub found
[    0.945359] hub 2-0:1.0: 12 ports detected
[    0.946180] uhci_hcd: USB Universal Host Controller Interface driver
[    0.946626] usbcore: registered new interface driver usblp
[    0.947060] usbcore: registered new interface driver usb-storage
[    0.947485] i8042: PNP: PS/2 Controller [PNP0303:PS2K,PNP0f03:PS2M] at 0x60,0x64 irq 1,12
[    0.948654] serio: i8042 KBD port at 0x60,0x64 irq 1
[    0.949037] serio: i8042 AUX port at 0x60,0x64 irq 12
[    0.950944] input: AT Translated Set 2 keyboard as /devices/platform/i8042/serio0/input/input3
[    0.951594] rtc_cmos rtc_cmos: registered as rtc0
[    0.952104] rtc_cmos rtc_cmos: alarms up to one day, 114 bytes nvram
[    0.952744] device-mapper: ioctl: 4.40.0-ioctl (2019-01-18) initialised: dm-devel@redhat.com
[    0.953381] intel_pstate: CPU model not supported
[    0.953861] hidraw: raw HID events driver (C) Jiri Kosina
[    0.954894] usbcore: registered new interface driver usbhid
[    0.955323] usbhid: USB HID core driver
[    0.957609] Initializing XFRM netlink socket
[    0.958633] NET: Registered protocol family 10
[    0.959824] Segment Routing with IPv6
[    0.960600] sit: IPv6, IPv4 and MPLS over IPv4 tunneling driver
[    0.961053] NET: Registered protocol family 17
[    0.961457] Key type dns_resolver registered
[    0.962261] sched_clock: Marking stable (918030560, 44187025)->(1071893167, -109675582)
[    0.964278] registered taskstats version 1
[    0.964621] Loading compiled-in X.509 certificates
[    0.965247] PM:   Magic number: 15:892:441
[    0.965599] printk: console [netcon0] enabled
[    0.965896] netconsole: network logging started
[    0.966275] cfg80211: Loading compiled-in X.509 certificates for regulatory database
[    0.967788] cfg80211: Loaded X.509 cert 'sforshee: 00b28ddf47aef9cea7'
[    0.968186] ALSA device list:
[    0.968477]   No soundcards found.
[    0.968852] platform regulatory.0: Direct firmware load for regulatory.db failed with error -2
[    0.969368] cfg80211: failed to load regulatory.db
[    1.167951] random: fast init done
[    1.168770] input: ImExPS/2 Generic Explorer Mouse as /devices/platform/i8042/serio1/input/input5
[    1.169559] md: Waiting for all devices to be available before autodetect
[    1.169936] md: If you don't use raid, use raid=noautodetect
[    1.170411] md: Autodetecting RAID arrays.
[    1.170905] md: autorun ...
[    1.171198] md: ... autorun DONE.
[    1.277632] EXT4-fs (sda3): mounted filesystem with ordered data mode. Opts: (null)
[    1.278195] VFS: Mounted root (ext4 filesystem) readonly on device 8:3.
[    1.292788] devtmpfs: mounted
[    1.293522] Freeing unused kernel image memory: 1264K
[    1.300643] Write protecting the kernel read-only data: 20480k
[    1.302241] Freeing unused kernel image memory: 2008K
[    1.303159] Freeing unused kernel image memory: 1024K
[    1.303585] Run /sbin/init as init process
[    1.330705] usb 2-1: new full-speed USB device number 2 using ohci-pci
[    1.509362] tsc: Refined TSC clocksource calibration: 2893.406 MHz
[    1.509658] clocksource: tsc: mask: 0xffffffffffffffff max_cycles: 0x29b4ee1aabe, max_idle_ns: 440795265226 ns
[    1.511868] clocksource: Switched to clocksource tsc
[    1.623841] usb 2-1: New USB device found, idVendor=80ee, idProduct=0021, bcdDevice= 1.00
[    1.624376] usb 2-1: New USB device strings: Mfr=1, Product=3, SerialNumber=0
[    1.624694] usb 2-1: Product: USB Tablet
[    1.625009] usb 2-1: Manufacturer: VirtualBox
[    1.636379] input: VirtualBox USB Tablet as /devices/pci0000:00/0000:00:06.0/usb2/2-1/2-1:1.0/0003:80EE:0021.0001/input/input6
[    1.636850] hid-generic 0003:80EE:0021.0001: input,hidraw0: USB HID v1.10 Mouse [VirtualBox USB Tablet] on usb-0000:00:06.0-1/input0
[    1.918733] stty (1130) used greatest stack depth: 13832 bytes left
[    2.112809] dmesg (1131) used greatest stack depth: 13752 bytes left
[    2.506733] random: crng init done
[    2.798003] ip (1183) used greatest stack depth: 12632 bytes left
[    2.953023] udevd[1208]: starting version 3.2.7
[    2.967866] hrtimer: interrupt took 4214947 ns
[    3.187015] udevd[1209]: starting eudev-3.2.7
[    3.380158] e1000 0000:00:03.0 enp0s3: renamed from eth0
[    4.062925] Adding 3145724k swap on /dev/sda2.  Priority:1 extents:1 across:3145724k 
[    4.079758] EXT4-fs (sda3): re-mounted. Opts: (null)
[    4.189035] EXT4-fs (sda3): re-mounted. Opts: (null)
[    5.484055] ip (2257) used greatest stack depth: 12600 bytes left
[    5.486018] e1000: enp0s3 NIC Link is Up 1000 Mbps Full Duplex, Flow Control: RX
[    5.486929] IPv6: ADDRCONF(NETDEV_CHANGE): enp0s3: link becomes ready
[   43.661778] EXT4-fs (sda1): mounted filesystem with ordered data mode. Opts: (null)
